Archive member included to satisfy reference by file (symbol)

c:/st/stm32cubeide_1.4.0/stm32cubeide/plugins/com.st.stm32cube.ide.mcu.externaltools.gnu-tools-for-stm32.7-2018-q2-update.win32_1.4.0.202007081208/tools/bin/../lib/gcc/arm-none-eabi/7.3.1/../../../../arm-none-eabi/lib/thumb/v7-m\libc_nano.a(lib_a-errno.o)
                              Src/syscalls.o (__errno)
c:/st/stm32cubeide_1.4.0/stm32cubeide/plugins/com.st.stm32cube.ide.mcu.externaltools.gnu-tools-for-stm32.7-2018-q2-update.win32_1.4.0.202007081208/tools/bin/../lib/gcc/arm-none-eabi/7.3.1/../../../../arm-none-eabi/lib/thumb/v7-m\libc_nano.a(lib_a-exit.o)
                              c:/st/stm32cubeide_1.4.0/stm32cubeide/plugins/com.st.stm32cube.ide.mcu.externaltools.gnu-tools-for-stm32.7-2018-q2-update.win32_1.4.0.202007081208/tools/bin/../lib/gcc/arm-none-eabi/7.3.1/../../../../arm-none-eabi/lib/thumb/v7-m/crt0.o (exit)
c:/st/stm32cubeide_1.4.0/stm32cubeide/plugins/com.st.stm32cube.ide.mcu.externaltools.gnu-tools-for-stm32.7-2018-q2-update.win32_1.4.0.202007081208/tools/bin/../lib/gcc/arm-none-eabi/7.3.1/../../../../arm-none-eabi/lib/thumb/v7-m\libc_nano.a(lib_a-impure.o)
                              c:/st/stm32cubeide_1.4.0/stm32cubeide/plugins/com.st.stm32cube.ide.mcu.externaltools.gnu-tools-for-stm32.7-2018-q2-update.win32_1.4.0.202007081208/tools/bin/../lib/gcc/arm-none-eabi/7.3.1/../../../../arm-none-eabi/lib/thumb/v7-m\libc_nano.a(lib_a-exit.o) (_global_impure_ptr)
c:/st/stm32cubeide_1.4.0/stm32cubeide/plugins/com.st.stm32cube.ide.mcu.externaltools.gnu-tools-for-stm32.7-2018-q2-update.win32_1.4.0.202007081208/tools/bin/../lib/gcc/arm-none-eabi/7.3.1/../../../../arm-none-eabi/lib/thumb/v7-m\libc_nano.a(lib_a-init.o)
                              c:/st/stm32cubeide_1.4.0/stm32cubeide/plugins/com.st.stm32cube.ide.mcu.externaltools.gnu-tools-for-stm32.7-2018-q2-update.win32_1.4.0.202007081208/tools/bin/../lib/gcc/arm-none-eabi/7.3.1/../../../../arm-none-eabi/lib/thumb/v7-m/crt0.o (__libc_init_array)
c:/st/stm32cubeide_1.4.0/stm32cubeide/plugins/com.st.stm32cube.ide.mcu.externaltools.gnu-tools-for-stm32.7-2018-q2-update.win32_1.4.0.202007081208/tools/bin/../lib/gcc/arm-none-eabi/7.3.1/../../../../arm-none-eabi/lib/thumb/v7-m\libc_nano.a(lib_a-memset.o)
                              c:/st/stm32cubeide_1.4.0/stm32cubeide/plugins/com.st.stm32cube.ide.mcu.externaltools.gnu-tools-for-stm32.7-2018-q2-update.win32_1.4.0.202007081208/tools/bin/../lib/gcc/arm-none-eabi/7.3.1/../../../../arm-none-eabi/lib/thumb/v7-m/crt0.o (memset)

Allocating common symbols
Common symbol       size              file

pinConfig           0x4               STM32F103C6_Drivers/KEYPAD_DRIVER/Keypad.o
IRQ_FLAG            0x1               Src/main.o
GP_IRQ_CallBack     0x3c              STM32F103C6_Drivers/STM32F103C6_EXTI.o

Discarded input sections

 .text          0x0000000000000000        0x0 c:/st/stm32cubeide_1.4.0/stm32cubeide/plugins/com.st.stm32cube.ide.mcu.externaltools.gnu-tools-for-stm32.7-2018-q2-update.win32_1.4.0.202007081208/tools/bin/../lib/gcc/arm-none-eabi/7.3.1/thumb/v7-m/crti.o
 .data          0x0000000000000000        0x0 c:/st/stm32cubeide_1.4.0/stm32cubeide/plugins/com.st.stm32cube.ide.mcu.externaltools.gnu-tools-for-stm32.7-2018-q2-update.win32_1.4.0.202007081208/tools/bin/../lib/gcc/arm-none-eabi/7.3.1/thumb/v7-m/crti.o
 .bss           0x0000000000000000        0x0 c:/st/stm32cubeide_1.4.0/stm32cubeide/plugins/com.st.stm32cube.ide.mcu.externaltools.gnu-tools-for-stm32.7-2018-q2-update.win32_1.4.0.202007081208/tools/bin/../lib/gcc/arm-none-eabi/7.3.1/thumb/v7-m/crti.o
 .data          0x0000000000000000        0x4 c:/st/stm32cubeide_1.4.0/stm32cubeide/plugins/com.st.stm32cube.ide.mcu.externaltools.gnu-tools-for-stm32.7-2018-q2-update.win32_1.4.0.202007081208/tools/bin/../lib/gcc/arm-none-eabi/7.3.1/thumb/v7-m/crtbegin.o
 .text          0x0000000000000000       0x74 c:/st/stm32cubeide_1.4.0/stm32cubeide/plugins/com.st.stm32cube.ide.mcu.externaltools.gnu-tools-for-stm32.7-2018-q2-update.win32_1.4.0.202007081208/tools/bin/../lib/gcc/arm-none-eabi/7.3.1/../../../../arm-none-eabi/lib/thumb/v7-m/crt0.o
 .data          0x0000000000000000        0x0 c:/st/stm32cubeide_1.4.0/stm32cubeide/plugins/com.st.stm32cube.ide.mcu.externaltools.gnu-tools-for-stm32.7-2018-q2-update.win32_1.4.0.202007081208/tools/bin/../lib/gcc/arm-none-eabi/7.3.1/../../../../arm-none-eabi/lib/thumb/v7-m/crt0.o
 .bss           0x0000000000000000        0x0 c:/st/stm32cubeide_1.4.0/stm32cubeide/plugins/com.st.stm32cube.ide.mcu.externaltools.gnu-tools-for-stm32.7-2018-q2-update.win32_1.4.0.202007081208/tools/bin/../lib/gcc/arm-none-eabi/7.3.1/../../../../arm-none-eabi/lib/thumb/v7-m/crt0.o
 .ARM.extab     0x0000000000000000        0x0 c:/st/stm32cubeide_1.4.0/stm32cubeide/plugins/com.st.stm32cube.ide.mcu.externaltools.gnu-tools-for-stm32.7-2018-q2-update.win32_1.4.0.202007081208/tools/bin/../lib/gcc/arm-none-eabi/7.3.1/../../../../arm-none-eabi/lib/thumb/v7-m/crt0.o
 .ARM.exidx     0x0000000000000000        0x8 c:/st/stm32cubeide_1.4.0/stm32cubeide/plugins/com.st.stm32cube.ide.mcu.externaltools.gnu-tools-for-stm32.7-2018-q2-update.win32_1.4.0.202007081208/tools/bin/../lib/gcc/arm-none-eabi/7.3.1/../../../../arm-none-eabi/lib/thumb/v7-m/crt0.o
 .ARM.attributes
                0x0000000000000000       0x1b c:/st/stm32cubeide_1.4.0/stm32cubeide/plugins/com.st.stm32cube.ide.mcu.externaltools.gnu-tools-for-stm32.7-2018-q2-update.win32_1.4.0.202007081208/tools/bin/../lib/gcc/arm-none-eabi/7.3.1/../../../../arm-none-eabi/lib/thumb/v7-m/crt0.o
 .group         0x0000000000000000        0xc STM32F103C6_Drivers/KEYPAD_DRIVER/Keypad.o
 .group         0x0000000000000000        0xc STM32F103C6_Drivers/KEYPAD_DRIVER/Keypad.o
 .group         0x0000000000000000        0xc STM32F103C6_Drivers/KEYPAD_DRIVER/Keypad.o
 .group         0x0000000000000000        0xc STM32F103C6_Drivers/KEYPAD_DRIVER/Keypad.o
 .group         0x0000000000000000        0xc STM32F103C6_Drivers/KEYPAD_DRIVER/Keypad.o
 .group         0x0000000000000000        0xc STM32F103C6_Drivers/KEYPAD_DRIVER/Keypad.o
 .group         0x0000000000000000        0xc STM32F103C6_Drivers/KEYPAD_DRIVER/Keypad.o
 .group         0x0000000000000000        0xc STM32F103C6_Drivers/KEYPAD_DRIVER/Keypad.o
 .group         0x0000000000000000        0xc STM32F103C6_Drivers/KEYPAD_DRIVER/Keypad.o
 .group         0x0000000000000000        0xc STM32F103C6_Drivers/KEYPAD_DRIVER/Keypad.o
 .group         0x0000000000000000        0xc STM32F103C6_Drivers/KEYPAD_DRIVER/Keypad.o
 .group         0x0000000000000000        0xc STM32F103C6_Drivers/KEYPAD_DRIVER/Keypad.o
 .group         0x0000000000000000        0xc STM32F103C6_Drivers/KEYPAD_DRIVER/Keypad.o
 .group         0x0000000000000000        0xc STM32F103C6_Drivers/KEYPAD_DRIVER/Keypad.o
 .group         0x0000000000000000        0xc STM32F103C6_Drivers/KEYPAD_DRIVER/Keypad.o
 .group         0x0000000000000000        0xc STM32F103C6_Drivers/KEYPAD_DRIVER/Keypad.o
 .group         0x0000000000000000        0xc STM32F103C6_Drivers/KEYPAD_DRIVER/Keypad.o
 .group         0x0000000000000000        0xc STM32F103C6_Drivers/KEYPAD_DRIVER/Keypad.o
 .group         0x0000000000000000        0xc STM32F103C6_Drivers/KEYPAD_DRIVER/Keypad.o
 .group         0x0000000000000000        0xc STM32F103C6_Drivers/KEYPAD_DRIVER/Keypad.o
 .group         0x0000000000000000        0xc STM32F103C6_Drivers/KEYPAD_DRIVER/Keypad.o
 .group         0x0000000000000000        0xc STM32F103C6_Drivers/KEYPAD_DRIVER/Keypad.o
 .group         0x0000000000000000        0xc STM32F103C6_Drivers/KEYPAD_DRIVER/Keypad.o
 .group         0x0000000000000000        0xc STM32F103C6_Drivers/KEYPAD_DRIVER/Keypad.o
 .group         0x0000000000000000        0xc STM32F103C6_Drivers/KEYPAD_DRIVER/Keypad.o
 .text          0x0000000000000000        0x0 STM32F103C6_Drivers/KEYPAD_DRIVER/Keypad.o
 .data          0x0000000000000000        0x0 STM32F103C6_Drivers/KEYPAD_DRIVER/Keypad.o
 .bss           0x0000000000000000        0x0 STM32F103C6_Drivers/KEYPAD_DRIVER/Keypad.o
 .data.Keypad_row
                0x0000000000000000       0x10 STM32F103C6_Drivers/KEYPAD_DRIVER/Keypad.o
 .data.Keypad_col
                0x0000000000000000       0x10 STM32F103C6_Drivers/KEYPAD_DRIVER/Keypad.o
 .text.Keypad_init
                0x0000000000000000       0xec STM32F103C6_Drivers/KEYPAD_DRIVER/Keypad.o
 .text.Keypad_getKey
                0x0000000000000000      0x194 STM32F103C6_Drivers/KEYPAD_DRIVER/Keypad.o
 .group         0x0000000000000000        0xc STM32F103C6_Drivers/LCD_DRIVER/LCD.o
 .group         0x0000000000000000        0xc STM32F103C6_Drivers/LCD_DRIVER/LCD.o
 .group         0x0000000000000000        0xc STM32F103C6_Drivers/LCD_DRIVER/LCD.o
 .group         0x0000000000000000        0xc STM32F103C6_Drivers/LCD_DRIVER/LCD.o
 .group         0x0000000000000000        0xc STM32F103C6_Drivers/LCD_DRIVER/LCD.o
 .group         0x0000000000000000        0xc STM32F103C6_Drivers/LCD_DRIVER/LCD.o
 .group         0x0000000000000000        0xc STM32F103C6_Drivers/LCD_DRIVER/LCD.o
 .group         0x0000000000000000        0xc STM32F103C6_Drivers/LCD_DRIVER/LCD.o
 .group         0x0000000000000000        0xc STM32F103C6_Drivers/LCD_DRIVER/LCD.o
 .group         0x0000000000000000        0xc STM32F103C6_Drivers/LCD_DRIVER/LCD.o
 .group         0x0000000000000000        0xc STM32F103C6_Drivers/LCD_DRIVER/LCD.o
 .group         0x0000000000000000        0xc STM32F103C6_Drivers/LCD_DRIVER/LCD.o
 .group         0x0000000000000000        0xc STM32F103C6_Drivers/LCD_DRIVER/LCD.o
 .group         0x0000000000000000        0xc STM32F103C6_Drivers/LCD_DRIVER/LCD.o
 .group         0x0000000000000000        0xc STM32F103C6_Drivers/LCD_DRIVER/LCD.o
 .group         0x0000000000000000        0xc STM32F103C6_Drivers/LCD_DRIVER/LCD.o
 .group         0x0000000000000000        0xc STM32F103C6_Drivers/LCD_DRIVER/LCD.o
 .group         0x0000000000000000        0xc STM32F103C6_Drivers/LCD_DRIVER/LCD.o
 .group         0x0000000000000000        0xc STM32F103C6_Drivers/LCD_DRIVER/LCD.o
 .group         0x0000000000000000        0xc STM32F103C6_Drivers/LCD_DRIVER/LCD.o
 .group         0x0000000000000000        0xc STM32F103C6_Drivers/LCD_DRIVER/LCD.o
 .group         0x0000000000000000        0xc STM32F103C6_Drivers/LCD_DRIVER/LCD.o
 .group         0x0000000000000000        0xc STM32F103C6_Drivers/LCD_DRIVER/LCD.o
 .group         0x0000000000000000        0xc STM32F103C6_Drivers/LCD_DRIVER/LCD.o
 .group         0x0000000000000000        0xc STM32F103C6_Drivers/LCD_DRIVER/LCD.o
 .group         0x0000000000000000        0xc STM32F103C6_Drivers/LCD_DRIVER/LCD.o
 .text          0x0000000000000000        0x0 STM32F103C6_Drivers/LCD_DRIVER/LCD.o
 .data          0x0000000000000000        0x0 STM32F103C6_Drivers/LCD_DRIVER/LCD.o
 .bss           0x0000000000000000        0x0 STM32F103C6_Drivers/LCD_DRIVER/LCD.o
 .debug_macro   0x0000000000000000      0xa60 STM32F103C6_Drivers/LCD_DRIVER/LCD.o
 .debug_macro   0x0000000000000000       0x18 STM32F103C6_Drivers/LCD_DRIVER/LCD.o
 .debug_macro   0x0000000000000000       0x22 STM32F103C6_Drivers/LCD_DRIVER/LCD.o
 .debug_macro   0x0000000000000000       0x40 STM32F103C6_Drivers/LCD_DRIVER/LCD.o
 .debug_macro   0x0000000000000000       0x94 STM32F103C6_Drivers/LCD_DRIVER/LCD.o
 .debug_macro   0x0000000000000000       0x3c STM32F103C6_Drivers/LCD_DRIVER/LCD.o
 .debug_macro   0x0000000000000000       0x34 STM32F103C6_Drivers/LCD_DRIVER/LCD.o
 .debug_macro   0x0000000000000000       0x16 STM32F103C6_Drivers/LCD_DRIVER/LCD.o
 .debug_macro   0x0000000000000000      0x10e STM32F103C6_Drivers/LCD_DRIVER/LCD.o
 .debug_macro   0x0000000000000000       0x8d STM32F103C6_Drivers/LCD_DRIVER/LCD.o
 .debug_macro   0x0000000000000000       0x57 STM32F103C6_Drivers/LCD_DRIVER/LCD.o
 .debug_macro   0x0000000000000000       0x52 STM32F103C6_Drivers/LCD_DRIVER/LCD.o
 .debug_macro   0x0000000000000000       0x1f STM32F103C6_Drivers/LCD_DRIVER/LCD.o
 .debug_macro   0x0000000000000000       0x43 STM32F103C6_Drivers/LCD_DRIVER/LCD.o
 .debug_macro   0x0000000000000000       0x20 STM32F103C6_Drivers/LCD_DRIVER/LCD.o
 .debug_macro   0x0000000000000000      0x1a3 STM32F103C6_Drivers/LCD_DRIVER/LCD.o
 .debug_macro   0x0000000000000000      0x330 STM32F103C6_Drivers/LCD_DRIVER/LCD.o
 .debug_macro   0x0000000000000000       0x16 STM32F103C6_Drivers/LCD_DRIVER/LCD.o
 .debug_macro   0x0000000000000000       0x29 STM32F103C6_Drivers/LCD_DRIVER/LCD.o
 .debug_macro   0x0000000000000000       0xef STM32F103C6_Drivers/LCD_DRIVER/LCD.o
 .debug_macro   0x0000000000000000       0x6a STM32F103C6_Drivers/LCD_DRIVER/LCD.o
 .debug_macro   0x0000000000000000      0x1df STM32F103C6_Drivers/LCD_DRIVER/LCD.o
 .debug_macro   0x0000000000000000      0x1bc STM32F103C6_Drivers/LCD_DRIVER/LCD.o
 .debug_macro   0x0000000000000000       0xd0 STM32F103C6_Drivers/LCD_DRIVER/LCD.o
 .group         0x0000000000000000        0xc STM32F103C6_Drivers/STM32F103C6_EXTI.o
 .group         0x0000000000000000        0xc STM32F103C6_Drivers/STM32F103C6_EXTI.o
 .group         0x0000000000000000        0xc STM32F103C6_Drivers/STM32F103C6_EXTI.o
 .group         0x0000000000000000        0xc STM32F103C6_Drivers/STM32F103C6_EXTI.o
 .group         0x0000000000000000        0xc STM32F103C6_Drivers/STM32F103C6_EXTI.o
 .group         0x0000000000000000        0xc STM32F103C6_Drivers/STM32F103C6_EXTI.o
 .group         0x0000000000000000        0xc STM32F103C6_Drivers/STM32F103C6_EXTI.o
 .group         0x0000000000000000        0xc STM32F103C6_Drivers/STM32F103C6_EXTI.o
 .group         0x0000000000000000        0xc STM32F103C6_Drivers/STM32F103C6_EXTI.o
 .group         0x0000000000000000        0xc STM32F103C6_Drivers/STM32F103C6_EXTI.o
 .group         0x0000000000000000        0xc STM32F103C6_Drivers/STM32F103C6_EXTI.o
 .group         0x0000000000000000        0xc STM32F103C6_Drivers/STM32F103C6_EXTI.o
 .group         0x0000000000000000        0xc STM32F103C6_Drivers/STM32F103C6_EXTI.o
 .group         0x0000000000000000        0xc STM32F103C6_Drivers/STM32F103C6_EXTI.o
 .group         0x0000000000000000        0xc STM32F103C6_Drivers/STM32F103C6_EXTI.o
 .group         0x0000000000000000        0xc STM32F103C6_Drivers/STM32F103C6_EXTI.o
 .group         0x0000000000000000        0xc STM32F103C6_Drivers/STM32F103C6_EXTI.o
 .group         0x0000000000000000        0xc STM32F103C6_Drivers/STM32F103C6_EXTI.o
 .group         0x0000000000000000        0xc STM32F103C6_Drivers/STM32F103C6_EXTI.o
 .group         0x0000000000000000        0xc STM32F103C6_Drivers/STM32F103C6_EXTI.o
 .group         0x0000000000000000        0xc STM32F103C6_Drivers/STM32F103C6_EXTI.o
 .group         0x0000000000000000        0xc STM32F103C6_Drivers/STM32F103C6_EXTI.o
 .group         0x0000000000000000        0xc STM32F103C6_Drivers/STM32F103C6_EXTI.o
 .group         0x0000000000000000        0xc STM32F103C6_Drivers/STM32F103C6_EXTI.o
 .group         0x0000000000000000        0xc STM32F103C6_Drivers/STM32F103C6_EXTI.o
 .text          0x0000000000000000        0x0 STM32F103C6_Drivers/STM32F103C6_EXTI.o
 .data          0x0000000000000000        0x0 STM32F103C6_Drivers/STM32F103C6_EXTI.o
 .bss           0x0000000000000000        0x0 STM32F103C6_Drivers/STM32F103C6_EXTI.o
 .text.MCAL_EXTI_DeInit
                0x0000000000000000       0x94 STM32F103C6_Drivers/STM32F103C6_EXTI.o
 .text.MCAL_EXTI_Update
                0x0000000000000000       0x16 STM32F103C6_Drivers/STM32F103C6_EXTI.o
 .debug_macro   0x0000000000000000      0xa60 STM32F103C6_Drivers/STM32F103C6_EXTI.o
 .debug_macro   0x0000000000000000       0x18 STM32F103C6_Drivers/STM32F103C6_EXTI.o
 .debug_macro   0x0000000000000000       0x22 STM32F103C6_Drivers/STM32F103C6_EXTI.o
 .debug_macro   0x0000000000000000       0x40 STM32F103C6_Drivers/STM32F103C6_EXTI.o
 .debug_macro   0x0000000000000000       0x94 STM32F103C6_Drivers/STM32F103C6_EXTI.o
 .debug_macro   0x0000000000000000       0x3c STM32F103C6_Drivers/STM32F103C6_EXTI.o
 .debug_macro   0x0000000000000000       0x34 STM32F103C6_Drivers/STM32F103C6_EXTI.o
 .debug_macro   0x0000000000000000       0x16 STM32F103C6_Drivers/STM32F103C6_EXTI.o
 .debug_macro   0x0000000000000000      0x10e STM32F103C6_Drivers/STM32F103C6_EXTI.o
 .debug_macro   0x0000000000000000       0x8d STM32F103C6_Drivers/STM32F103C6_EXTI.o
 .debug_macro   0x0000000000000000       0x57 STM32F103C6_Drivers/STM32F103C6_EXTI.o
 .debug_macro   0x0000000000000000       0x52 STM32F103C6_Drivers/STM32F103C6_EXTI.o
 .debug_macro   0x0000000000000000       0x1f STM32F103C6_Drivers/STM32F103C6_EXTI.o
 .debug_macro   0x0000000000000000       0x43 STM32F103C6_Drivers/STM32F103C6_EXTI.o
 .debug_macro   0x0000000000000000       0x20 STM32F103C6_Drivers/STM32F103C6_EXTI.o
 .debug_macro   0x0000000000000000      0x1a3 STM32F103C6_Drivers/STM32F103C6_EXTI.o
 .debug_macro   0x0000000000000000      0x330 STM32F103C6_Drivers/STM32F103C6_EXTI.o
 .debug_macro   0x0000000000000000       0x16 STM32F103C6_Drivers/STM32F103C6_EXTI.o
 .debug_macro   0x0000000000000000       0x29 STM32F103C6_Drivers/STM32F103C6_EXTI.o
 .debug_macro   0x0000000000000000       0xef STM32F103C6_Drivers/STM32F103C6_EXTI.o
 .debug_macro   0x0000000000000000       0x6a STM32F103C6_Drivers/STM32F103C6_EXTI.o
 .debug_macro   0x0000000000000000      0x1df STM32F103C6_Drivers/STM32F103C6_EXTI.o
 .group         0x0000000000000000        0xc STM32F103C6_Drivers/STM32F103C6_GPIO.o
 .group         0x0000000000000000        0xc STM32F103C6_Drivers/STM32F103C6_GPIO.o
 .group         0x0000000000000000        0xc STM32F103C6_Drivers/STM32F103C6_GPIO.o
 .group         0x0000000000000000        0xc STM32F103C6_Drivers/STM32F103C6_GPIO.o
 .group         0x0000000000000000        0xc STM32F103C6_Drivers/STM32F103C6_GPIO.o
 .group         0x0000000000000000        0xc STM32F103C6_Drivers/STM32F103C6_GPIO.o
 .group         0x0000000000000000        0xc STM32F103C6_Drivers/STM32F103C6_GPIO.o
 .group         0x0000000000000000        0xc STM32F103C6_Drivers/STM32F103C6_GPIO.o
 .group         0x0000000000000000        0xc STM32F103C6_Drivers/STM32F103C6_GPIO.o
 .group         0x0000000000000000        0xc STM32F103C6_Drivers/STM32F103C6_GPIO.o
 .group         0x0000000000000000        0xc STM32F103C6_Drivers/STM32F103C6_GPIO.o
 .group         0x0000000000000000        0xc STM32F103C6_Drivers/STM32F103C6_GPIO.o
 .group         0x0000000000000000        0xc STM32F103C6_Drivers/STM32F103C6_GPIO.o
 .group         0x0000000000000000        0xc STM32F103C6_Drivers/STM32F103C6_GPIO.o
 .group         0x0000000000000000        0xc STM32F103C6_Drivers/STM32F103C6_GPIO.o
 .group         0x0000000000000000        0xc STM32F103C6_Drivers/STM32F103C6_GPIO.o
 .group         0x0000000000000000        0xc STM32F103C6_Drivers/STM32F103C6_GPIO.o
 .group         0x0000000000000000        0xc STM32F103C6_Drivers/STM32F103C6_GPIO.o
 .group         0x0000000000000000        0xc STM32F103C6_Drivers/STM32F103C6_GPIO.o
 .group         0x0000000000000000        0xc STM32F103C6_Drivers/STM32F103C6_GPIO.o
 .group         0x0000000000000000        0xc STM32F103C6_Drivers/STM32F103C6_GPIO.o
 .group         0x0000000000000000        0xc STM32F103C6_Drivers/STM32F103C6_GPIO.o
 .group         0x0000000000000000        0xc STM32F103C6_Drivers/STM32F103C6_GPIO.o
 .group         0x0000000000000000        0xc STM32F103C6_Drivers/STM32F103C6_GPIO.o
 .text          0x0000000000000000        0x0 STM32F103C6_Drivers/STM32F103C6_GPIO.o
 .data          0x0000000000000000        0x0 STM32F103C6_Drivers/STM32F103C6_GPIO.o
 .bss           0x0000000000000000        0x0 STM32F103C6_Drivers/STM32F103C6_GPIO.o
 .text.MCAL_GPIO_DeInit
                0x0000000000000000       0xd4 STM32F103C6_Drivers/STM32F103C6_GPIO.o
 .text.MCAL_GPIO_ReadPin
                0x0000000000000000       0x2e STM32F103C6_Drivers/STM32F103C6_GPIO.o
 .text.MCAL_GPIO_ReadPort
                0x0000000000000000       0x18 STM32F103C6_Drivers/STM32F103C6_GPIO.o
 .text.MCAL_GPIO_TogglePin
                0x0000000000000000       0x22 STM32F103C6_Drivers/STM32F103C6_GPIO.o
 .text.MCAL_GPIO_LockPin
                0x0000000000000000       0x4e STM32F103C6_Drivers/STM32F103C6_GPIO.o
 .debug_macro   0x0000000000000000      0xa60 STM32F103C6_Drivers/STM32F103C6_GPIO.o
 .debug_macro   0x0000000000000000       0x18 STM32F103C6_Drivers/STM32F103C6_GPIO.o
 .debug_macro   0x0000000000000000       0x22 STM32F103C6_Drivers/STM32F103C6_GPIO.o
 .debug_macro   0x0000000000000000       0x40 STM32F103C6_Drivers/STM32F103C6_GPIO.o
 .debug_macro   0x0000000000000000       0x94 STM32F103C6_Drivers/STM32F103C6_GPIO.o
 .debug_macro   0x0000000000000000       0x3c STM32F103C6_Drivers/STM32F103C6_GPIO.o
 .debug_macro   0x0000000000000000       0x34 STM32F103C6_Drivers/STM32F103C6_GPIO.o
 .debug_macro   0x0000000000000000       0x16 STM32F103C6_Drivers/STM32F103C6_GPIO.o
 .debug_macro   0x0000000000000000      0x10e STM32F103C6_Drivers/STM32F103C6_GPIO.o
 .debug_macro   0x0000000000000000       0x8d STM32F103C6_Drivers/STM32F103C6_GPIO.o
 .debug_macro   0x0000000000000000       0x57 STM32F103C6_Drivers/STM32F103C6_GPIO.o
 .debug_macro   0x0000000000000000       0x52 STM32F103C6_Drivers/STM32F103C6_GPIO.o
 .debug_macro   0x0000000000000000       0x1f STM32F103C6_Drivers/STM32F103C6_GPIO.o
 .debug_macro   0x0000000000000000       0x43 STM32F103C6_Drivers/STM32F103C6_GPIO.o
 .debug_macro   0x0000000000000000       0x20 STM32F103C6_Drivers/STM32F103C6_GPIO.o
 .debug_macro   0x0000000000000000      0x1a3 STM32F103C6_Drivers/STM32F103C6_GPIO.o
 .debug_macro   0x0000000000000000      0x330 STM32F103C6_Drivers/STM32F103C6_GPIO.o
 .debug_macro   0x0000000000000000       0x16 STM32F103C6_Drivers/STM32F103C6_GPIO.o
 .debug_macro   0x0000000000000000       0x29 STM32F103C6_Drivers/STM32F103C6_GPIO.o
 .debug_macro   0x0000000000000000       0xef STM32F103C6_Drivers/STM32F103C6_GPIO.o
 .debug_macro   0x0000000000000000       0x6a STM32F103C6_Drivers/STM32F103C6_GPIO.o
 .debug_macro   0x0000000000000000      0x1df STM32F103C6_Drivers/STM32F103C6_GPIO.o
 .debug_macro   0x0000000000000000      0x1bc STM32F103C6_Drivers/STM32F103C6_GPIO.o
 .debug_macro   0x0000000000000000       0xd0 STM32F103C6_Drivers/STM32F103C6_GPIO.o
 .group         0x0000000000000000        0xc Src/main.o
 .group         0x0000000000000000        0xc Src/main.o
 .group         0x0000000000000000        0xc Src/main.o
 .group         0x0000000000000000        0xc Src/main.o
 .group         0x0000000000000000        0xc Src/main.o
 .group         0x0000000000000000        0xc Src/main.o
 .group         0x0000000000000000        0xc Src/main.o
 .group         0x0000000000000000        0xc Src/main.o
 .group         0x0000000000000000        0xc Src/main.o
 .group         0x0000000000000000        0xc Src/main.o
 .group         0x0000000000000000        0xc Src/main.o
 .group         0x0000000000000000        0xc Src/main.o
 .group         0x0000000000000000        0xc Src/main.o
 .group         0x0000000000000000        0xc Src/main.o
 .group         0x0000000000000000        0xc Src/main.o
 .group         0x0000000000000000        0xc Src/main.o
 .group         0x0000000000000000        0xc Src/main.o
 .group         0x0000000000000000        0xc Src/main.o
 .group         0x0000000000000000        0xc Src/main.o
 .group         0x0000000000000000        0xc Src/main.o
 .group         0x0000000000000000        0xc Src/main.o
 .group         0x0000000000000000        0xc Src/main.o
 .group         0x0000000000000000        0xc Src/main.o
 .group         0x0000000000000000        0xc Src/main.o
 .group         0x0000000000000000        0xc Src/main.o
 .group         0x0000000000000000        0xc Src/main.o
 .group         0x0000000000000000        0xc Src/main.o
 .text          0x0000000000000000        0x0 Src/main.o
 .data          0x0000000000000000        0x0 Src/main.o
 .bss           0x0000000000000000        0x0 Src/main.o
 .debug_macro   0x0000000000000000      0xa60 Src/main.o
 .debug_macro   0x0000000000000000       0x10 Src/main.o
 .debug_macro   0x0000000000000000       0x18 Src/main.o
 .debug_macro   0x0000000000000000       0x22 Src/main.o
 .debug_macro   0x0000000000000000       0x40 Src/main.o
 .debug_macro   0x0000000000000000       0x94 Src/main.o
 .debug_macro   0x0000000000000000       0x3c Src/main.o
 .debug_macro   0x0000000000000000       0x34 Src/main.o
 .debug_macro   0x0000000000000000       0x16 Src/main.o
 .debug_macro   0x0000000000000000      0x10e Src/main.o
 .debug_macro   0x0000000000000000       0x8d Src/main.o
 .debug_macro   0x0000000000000000       0x57 Src/main.o
 .debug_macro   0x0000000000000000       0x52 Src/main.o
 .debug_macro   0x0000000000000000       0x1f Src/main.o
 .debug_macro   0x0000000000000000       0x43 Src/main.o
 .debug_macro   0x0000000000000000       0x20 Src/main.o
 .debug_macro   0x0000000000000000      0x1a3 Src/main.o
 .debug_macro   0x0000000000000000      0x330 Src/main.o
 .debug_macro   0x0000000000000000       0x16 Src/main.o
 .debug_macro   0x0000000000000000       0x29 Src/main.o
 .debug_macro   0x0000000000000000       0xef Src/main.o
 .debug_macro   0x0000000000000000       0x6a Src/main.o
 .debug_macro   0x0000000000000000      0x1df Src/main.o
 .debug_macro   0x0000000000000000      0x1bc Src/main.o
 .debug_macro   0x0000000000000000       0xd0 Src/main.o
 .debug_macro   0x0000000000000000       0x9a Src/main.o
 .debug_macro   0x0000000000000000      0x21b Src/main.o
 .group         0x0000000000000000        0xc Src/syscalls.o
 .group         0x0000000000000000        0xc Src/syscalls.o
 .group         0x0000000000000000        0xc Src/syscalls.o
 .group         0x0000000000000000        0xc Src/syscalls.o
 .group         0x0000000000000000        0xc Src/syscalls.o
 .group         0x0000000000000000        0xc Src/syscalls.o
 .group         0x0000000000000000        0xc Src/syscalls.o
 .group         0x0000000000000000        0xc Src/syscalls.o
 .group         0x0000000000000000        0xc Src/syscalls.o
 .group         0x0000000000000000        0xc Src/syscalls.o
 .group         0x0000000000000000        0xc Src/syscalls.o
 .group         0x0000000000000000        0xc Src/syscalls.o
 .group         0x0000000000000000        0xc Src/syscalls.o
 .group         0x0000000000000000        0xc Src/syscalls.o
 .group         0x0000000000000000        0xc Src/syscalls.o
 .group         0x0000000000000000        0xc Src/syscalls.o
 .group         0x0000000000000000        0xc Src/syscalls.o
 .group         0x0000000000000000        0xc Src/syscalls.o
 .group         0x0000000000000000        0xc Src/syscalls.o
 .group         0x0000000000000000        0xc Src/syscalls.o
 .group         0x0000000000000000        0xc Src/syscalls.o
 .group         0x0000000000000000        0xc Src/syscalls.o
 .group         0x0000000000000000        0xc Src/syscalls.o
 .group         0x0000000000000000        0xc Src/syscalls.o
 .group         0x0000000000000000        0xc Src/syscalls.o
 .group         0x0000000000000000        0xc Src/syscalls.o
 .group         0x0000000000000000        0xc Src/syscalls.o
 .group         0x0000000000000000        0xc Src/syscalls.o
 .group         0x0000000000000000        0xc Src/syscalls.o
 .group         0x0000000000000000        0xc Src/syscalls.o
 .group         0x0000000000000000        0xc Src/syscalls.o
 .group         0x0000000000000000        0xc Src/syscalls.o
 .group         0x0000000000000000        0xc Src/syscalls.o
 .group         0x0000000000000000        0xc Src/syscalls.o
 .group         0x0000000000000000        0xc Src/syscalls.o
 .group         0x0000000000000000        0xc Src/syscalls.o
 .group         0x0000000000000000        0xc Src/syscalls.o
 .group         0x0000000000000000        0xc Src/syscalls.o
 .group         0x0000000000000000        0xc Src/syscalls.o
 .group         0x0000000000000000        0xc Src/syscalls.o
 .group         0x0000000000000000        0xc Src/syscalls.o
 .group         0x0000000000000000        0xc Src/syscalls.o
 .group         0x0000000000000000        0xc Src/syscalls.o
 .group         0x0000000000000000        0xc Src/syscalls.o
 .text          0x0000000000000000        0x0 Src/syscalls.o
 .data          0x0000000000000000        0x0 Src/syscalls.o
 .bss           0x0000000000000000        0x0 Src/syscalls.o
 .bss.__env     0x0000000000000000        0x4 Src/syscalls.o
 .data.environ  0x0000000000000000        0x4 Src/syscalls.o
 .text.initialise_monitor_handles
                0x0000000000000000        0xc Src/syscalls.o
 .text._getpid  0x0000000000000000        0xe Src/syscalls.o
 .text._kill    0x0000000000000000       0x20 Src/syscalls.o
 .text._exit    0x0000000000000000       0x14 Src/syscalls.o
 .text._read    0x0000000000000000       0x3a Src/syscalls.o
 .text._write   0x0000000000000000       0x38 Src/syscalls.o
 .text._close   0x0000000000000000       0x16 Src/syscalls.o
 .text._fstat   0x0000000000000000       0x1e Src/syscalls.o
 .text._isatty  0x0000000000000000       0x14 Src/syscalls.o
 .text._lseek   0x0000000000000000       0x18 Src/syscalls.o
 .text._open    0x0000000000000000       0x1a Src/syscalls.o
 .text._wait    0x0000000000000000       0x1e Src/syscalls.o
 .text._unlink  0x0000000000000000       0x1e Src/syscalls.o
 .text._times   0x0000000000000000       0x16 Src/syscalls.o
 .text._stat    0x0000000000000000       0x1e Src/syscalls.o
 .text._link    0x0000000000000000       0x20 Src/syscalls.o
 .text._fork    0x0000000000000000       0x16 Src/syscalls.o
 .text._execve  0x0000000000000000       0x22 Src/syscalls.o
 .debug_info    0x0000000000000000     0x1038 Src/syscalls.o
 .debug_abbrev  0x0000000000000000      0x254 Src/syscalls.o
 .debug_loc     0x0000000000000000      0x5b8 Src/syscalls.o
 .debug_aranges
                0x0000000000000000       0xa8 Src/syscalls.o
 .debug_ranges  0x0000000000000000       0x98 Src/syscalls.o
 .debug_macro   0x0000000000000000      0x243 Src/syscalls.o
 .debug_macro   0x0000000000000000      0xa60 Src/syscalls.o
 .debug_macro   0x0000000000000000       0x22 Src/syscalls.o
 .debug_macro   0x0000000000000000       0x40 Src/syscalls.o
 .debug_macro   0x0000000000000000       0x18 Src/syscalls.o
 .debug_macro   0x0000000000000000       0x94 Src/syscalls.o
 .debug_macro   0x0000000000000000       0x3c Src/syscalls.o
 .debug_macro   0x0000000000000000       0x34 Src/syscalls.o
 .debug_macro   0x0000000000000000       0x57 Src/syscalls.o
 .debug_macro   0x0000000000000000      0x174 Src/syscalls.o
 .debug_macro   0x0000000000000000      0x330 Src/syscalls.o
 .debug_macro   0x0000000000000000       0x52 Src/syscalls.o
 .debug_macro   0x0000000000000000       0x1f Src/syscalls.o
 .debug_macro   0x0000000000000000       0x43 Src/syscalls.o
 .debug_macro   0x0000000000000000       0x20 Src/syscalls.o
 .debug_macro   0x0000000000000000      0x1a3 Src/syscalls.o
 .debug_macro   0x0000000000000000       0x10 Src/syscalls.o
 .debug_macro   0x0000000000000000       0x35 Src/syscalls.o
 .debug_macro   0x0000000000000000       0x10 Src/syscalls.o
 .debug_macro   0x0000000000000000       0x10 Src/syscalls.o
 .debug_macro   0x0000000000000000       0x10 Src/syscalls.o
 .debug_macro   0x0000000000000000       0x6a Src/syscalls.o
 .debug_macro   0x0000000000000000       0x1c Src/syscalls.o
 .debug_macro   0x0000000000000000       0x52 Src/syscalls.o
 .debug_macro   0x0000000000000000       0x40 Src/syscalls.o
 .debug_macro   0x0000000000000000       0x10 Src/syscalls.o
 .debug_macro   0x0000000000000000       0x40 Src/syscalls.o
 .debug_macro   0x0000000000000000       0xd7 Src/syscalls.o
 .debug_macro   0x0000000000000000       0x1c Src/syscalls.o
 .debug_macro   0x0000000000000000       0x3d Src/syscalls.o
 .debug_macro   0x0000000000000000       0x35 Src/syscalls.o
 .debug_macro   0x0000000000000000      0x122 Src/syscalls.o
 .debug_macro   0x0000000000000000       0x16 Src/syscalls.o
 .debug_macro   0x0000000000000000       0x16 Src/syscalls.o
 .debug_macro   0x0000000000000000       0x29 Src/syscalls.o
 .debug_macro   0x0000000000000000       0x10 Src/syscalls.o
 .debug_macro   0x0000000000000000      0x241 Src/syscalls.o
 .debug_macro   0x0000000000000000       0x1c Src/syscalls.o
 .debug_macro   0x0000000000000000       0x10 Src/syscalls.o
 .debug_macro   0x0000000000000000       0x10 Src/syscalls.o
 .debug_macro   0x0000000000000000       0x16 Src/syscalls.o
 .debug_macro   0x0000000000000000      0x145 Src/syscalls.o
 .debug_macro   0x0000000000000000      0x189 Src/syscalls.o
 .debug_macro   0x0000000000000000       0x16 Src/syscalls.o
 .debug_macro   0x0000000000000000       0x88 Src/syscalls.o
 .debug_line    0x0000000000000000      0x739 Src/syscalls.o
 .debug_str     0x0000000000000000     0x8888 Src/syscalls.o
 .comment       0x0000000000000000       0x7c Src/syscalls.o
 .debug_frame   0x0000000000000000      0x2ac Src/syscalls.o
 .ARM.attributes
                0x0000000000000000       0x33 Src/syscalls.o
 .group         0x0000000000000000        0xc Src/sysmem.o
 .group         0x0000000000000000        0xc Src/sysmem.o
 .group         0x0000000000000000        0xc Src/sysmem.o
 .group         0x0000000000000000        0xc Src/sysmem.o
 .group         0x0000000000000000        0xc Src/sysmem.o
 .group         0x0000000000000000        0xc Src/sysmem.o
 .group         0x0000000000000000        0xc Src/sysmem.o
 .group         0x0000000000000000        0xc Src/sysmem.o
 .group         0x0000000000000000        0xc Src/sysmem.o
 .group         0x0000000000000000        0xc Src/sysmem.o
 .group         0x0000000000000000        0xc Src/sysmem.o
 .group         0x0000000000000000        0xc Src/sysmem.o
 .group         0x0000000000000000        0xc Src/sysmem.o
 .group         0x0000000000000000        0xc Src/sysmem.o
 .group         0x0000000000000000        0xc Src/sysmem.o
 .group         0x0000000000000000        0xc Src/sysmem.o
 .group         0x0000000000000000        0xc Src/sysmem.o
 .group         0x0000000000000000        0xc Src/sysmem.o
 .group         0x0000000000000000        0xc Src/sysmem.o
 .text          0x0000000000000000        0x0 Src/sysmem.o
 .data          0x0000000000000000        0x0 Src/sysmem.o
 .bss           0x0000000000000000        0x0 Src/sysmem.o
 .bss.__sbrk_heap_end
                0x0000000000000000        0x4 Src/sysmem.o
 .text._sbrk    0x0000000000000000       0x6c Src/sysmem.o
 .debug_info    0x0000000000000000      0xa7c Src/sysmem.o
 .debug_abbrev  0x0000000000000000      0x18e Src/sysmem.o
 .debug_loc     0x0000000000000000       0x50 Src/sysmem.o
 .debug_aranges
                0x0000000000000000       0x20 Src/sysmem.o
 .debug_ranges  0x0000000000000000       0x10 Src/sysmem.o
 .debug_macro   0x0000000000000000       0xee Src/sysmem.o
 .debug_macro   0x0000000000000000      0xa60 Src/sysmem.o
 .debug_macro   0x0000000000000000       0x10 Src/sysmem.o
 .debug_macro   0x0000000000000000       0x22 Src/sysmem.o
 .debug_macro   0x0000000000000000       0x40 Src/sysmem.o
 .debug_macro   0x0000000000000000       0x18 Src/sysmem.o
 .debug_macro   0x0000000000000000       0x94 Src/sysmem.o
 .debug_macro   0x0000000000000000       0x3c Src/sysmem.o
 .debug_macro   0x0000000000000000       0x34 Src/sysmem.o
 .debug_macro   0x0000000000000000      0x174 Src/sysmem.o
 .debug_macro   0x0000000000000000       0x57 Src/sysmem.o
 .debug_macro   0x0000000000000000       0x52 Src/sysmem.o
 .debug_macro   0x0000000000000000       0x1f Src/sysmem.o
 .debug_macro   0x0000000000000000       0x43 Src/sysmem.o
 .debug_macro   0x0000000000000000       0x20 Src/sysmem.o
 .debug_macro   0x0000000000000000      0x1a3 Src/sysmem.o
 .debug_macro   0x0000000000000000      0x23b Src/sysmem.o
 .debug_macro   0x0000000000000000       0xef Src/sysmem.o
 .debug_macro   0x0000000000000000       0x6a Src/sysmem.o
 .debug_macro   0x0000000000000000      0x1df Src/sysmem.o
 .debug_line    0x0000000000000000      0x4c2 Src/sysmem.o
 .debug_str     0x0000000000000000     0x5f56 Src/sysmem.o
 .comment       0x0000000000000000       0x7c Src/sysmem.o
 .debug_frame   0x0000000000000000       0x34 Src/sysmem.o
 .ARM.attributes
                0x0000000000000000       0x33 Src/sysmem.o
 .text          0x0000000000000000       0x14 Startup/startup_stm32f103c6tx.o
 .data          0x0000000000000000        0x0 Startup/startup_stm32f103c6tx.o
 .bss           0x0000000000000000        0x0 Startup/startup_stm32f103c6tx.o
 .text          0x0000000000000000        0x0 c:/st/stm32cubeide_1.4.0/stm32cubeide/plugins/com.st.stm32cube.ide.mcu.externaltools.gnu-tools-for-stm32.7-2018-q2-update.win32_1.4.0.202007081208/tools/bin/../lib/gcc/arm-none-eabi/7.3.1/../../../../arm-none-eabi/lib/thumb/v7-m\libc_nano.a(lib_a-errno.o)
 .data          0x0000000000000000        0x0 c:/st/stm32cubeide_1.4.0/stm32cubeide/plugins/com.st.stm32cube.ide.mcu.externaltools.gnu-tools-for-stm32.7-2018-q2-update.win32_1.4.0.202007081208/tools/bin/../lib/gcc/arm-none-eabi/7.3.1/../../../../arm-none-eabi/lib/thumb/v7-m\libc_nano.a(lib_a-errno.o)
 .bss           0x0000000000000000        0x0 c:/st/stm32cubeide_1.4.0/stm32cubeide/plugins/com.st.stm32cube.ide.mcu.externaltools.gnu-tools-for-stm32.7-2018-q2-update.win32_1.4.0.202007081208/tools/bin/../lib/gcc/arm-none-eabi/7.3.1/../../../../arm-none-eabi/lib/thumb/v7-m\libc_nano.a(lib_a-errno.o)
 .text.__errno  0x0000000000000000        0xc c:/st/stm32cubeide_1.4.0/stm32cubeide/plugins/com.st.stm32cube.ide.mcu.externaltools.gnu-tools-for-stm32.7-2018-q2-update.win32_1.4.0.202007081208/tools/bin/../lib/gcc/arm-none-eabi/7.3.1/../../../../arm-none-eabi/lib/thumb/v7-m\libc_nano.a(lib_a-errno.o)
 .debug_frame   0x0000000000000000       0x20 c:/st/stm32cubeide_1.4.0/stm32cubeide/plugins/com.st.stm32cube.ide.mcu.externaltools.gnu-tools-for-stm32.7-2018-q2-update.win32_1.4.0.202007081208/tools/bin/../lib/gcc/arm-none-eabi/7.3.1/../../../../arm-none-eabi/lib/thumb/v7-m\libc_nano.a(lib_a-errno.o)
 .ARM.attributes
                0x0000000000000000       0x2d c:/st/stm32cubeide_1.4.0/stm32cubeide/plugins/com.st.stm32cube.ide.mcu.externaltools.gnu-tools-for-stm32.7-2018-q2-update.win32_1.4.0.202007081208/tools/bin/../lib/gcc/arm-none-eabi/7.3.1/../../../../arm-none-eabi/lib/thumb/v7-m\libc_nano.a(lib_a-errno.o)
 .text          0x0000000000000000        0x0 c:/st/stm32cubeide_1.4.0/stm32cubeide/plugins/com.st.stm32cube.ide.mcu.externaltools.gnu-tools-for-stm32.7-2018-q2-update.win32_1.4.0.202007081208/tools/bin/../lib/gcc/arm-none-eabi/7.3.1/../../../../arm-none-eabi/lib/thumb/v7-m\libc_nano.a(lib_a-exit.o)
 .data          0x0000000000000000        0x0 c:/st/stm32cubeide_1.4.0/stm32cubeide/plugins/com.st.stm32cube.ide.mcu.externaltools.gnu-tools-for-stm32.7-2018-q2-update.win32_1.4.0.202007081208/tools/bin/../lib/gcc/arm-none-eabi/7.3.1/../../../../arm-none-eabi/lib/thumb/v7-m\libc_nano.a(lib_a-exit.o)
 .bss           0x0000000000000000        0x0 c:/st/stm32cubeide_1.4.0/stm32cubeide/plugins/com.st.stm32cube.ide.mcu.externaltools.gnu-tools-for-stm32.7-2018-q2-update.win32_1.4.0.202007081208/tools/bin/../lib/gcc/arm-none-eabi/7.3.1/../../../../arm-none-eabi/lib/thumb/v7-m\libc_nano.a(lib_a-exit.o)
 .text.exit     0x0000000000000000       0x28 c:/st/stm32cubeide_1.4.0/stm32cubeide/plugins/com.st.stm32cube.ide.mcu.externaltools.gnu-tools-for-stm32.7-2018-q2-update.win32_1.4.0.202007081208/tools/bin/../lib/gcc/arm-none-eabi/7.3.1/../../../../arm-none-eabi/lib/thumb/v7-m\libc_nano.a(lib_a-exit.o)
 .debug_frame   0x0000000000000000       0x28 c:/st/stm32cubeide_1.4.0/stm32cubeide/plugins/com.st.stm32cube.ide.mcu.externaltools.gnu-tools-for-stm32.7-2018-q2-update.win32_1.4.0.202007081208/tools/bin/../lib/gcc/arm-none-eabi/7.3.1/../../../../arm-none-eabi/lib/thumb/v7-m\libc_nano.a(lib_a-exit.o)
 .ARM.attributes
                0x0000000000000000       0x2d c:/st/stm32cubeide_1.4.0/stm32cubeide/plugins/com.st.stm32cube.ide.mcu.externaltools.gnu-tools-for-stm32.7-2018-q2-update.win32_1.4.0.202007081208/tools/bin/../lib/gcc/arm-none-eabi/7.3.1/../../../../arm-none-eabi/lib/thumb/v7-m\libc_nano.a(lib_a-exit.o)
 .text          0x0000000000000000        0x0 c:/st/stm32cubeide_1.4.0/stm32cubeide/plugins/com.st.stm32cube.ide.mcu.externaltools.gnu-tools-for-stm32.7-2018-q2-update.win32_1.4.0.202007081208/tools/bin/../lib/gcc/arm-none-eabi/7.3.1/../../../../arm-none-eabi/lib/thumb/v7-m\libc_nano.a(lib_a-impure.o)
 .data          0x0000000000000000        0x0 c:/st/stm32cubeide_1.4.0/stm32cubeide/plugins/com.st.stm32cube.ide.mcu.externaltools.gnu-tools-for-stm32.7-2018-q2-update.win32_1.4.0.202007081208/tools/bin/../lib/gcc/arm-none-eabi/7.3.1/../../../../arm-none-eabi/lib/thumb/v7-m\libc_nano.a(lib_a-impure.o)
 .bss           0x0000000000000000        0x0 c:/st/stm32cubeide_1.4.0/stm32cubeide/plugins/com.st.stm32cube.ide.mcu.externaltools.gnu-tools-for-stm32.7-2018-q2-update.win32_1.4.0.202007081208/tools/bin/../lib/gcc/arm-none-eabi/7.3.1/../../../../arm-none-eabi/lib/thumb/v7-m\libc_nano.a(lib_a-impure.o)
 .data._impure_ptr
                0x0000000000000000        0x4 c:/st/stm32cubeide_1.4.0/stm32cubeide/plugins/com.st.stm32cube.ide.mcu.externaltools.gnu-tools-for-stm32.7-2018-q2-update.win32_1.4.0.202007081208/tools/bin/../lib/gcc/arm-none-eabi/7.3.1/../../../../arm-none-eabi/lib/thumb/v7-m\libc_nano.a(lib_a-impure.o)
 .data.impure_data
                0x0000000000000000       0x60 c:/st/stm32cubeide_1.4.0/stm32cubeide/plugins/com.st.stm32cube.ide.mcu.externaltools.gnu-tools-for-stm32.7-2018-q2-update.win32_1.4.0.202007081208/tools/bin/../lib/gcc/arm-none-eabi/7.3.1/../../../../arm-none-eabi/lib/thumb/v7-m\libc_nano.a(lib_a-impure.o)
 .rodata._global_impure_ptr
                0x0000000000000000        0x4 c:/st/stm32cubeide_1.4.0/stm32cubeide/plugins/com.st.stm32cube.ide.mcu.externaltools.gnu-tools-for-stm32.7-2018-q2-update.win32_1.4.0.202007081208/tools/bin/../lib/gcc/arm-none-eabi/7.3.1/../../../../arm-none-eabi/lib/thumb/v7-m\libc_nano.a(lib_a-impure.o)
 .ARM.attributes
                0x0000000000000000       0x2d c:/st/stm32cubeide_1.4.0/stm32cubeide/plugins/com.st.stm32cube.ide.mcu.externaltools.gnu-tools-for-stm32.7-2018-q2-update.win32_1.4.0.202007081208/tools/bin/../lib/gcc/arm-none-eabi/7.3.1/../../../../arm-none-eabi/lib/thumb/v7-m\libc_nano.a(lib_a-impure.o)
 .text          0x0000000000000000        0x0 c:/st/stm32cubeide_1.4.0/stm32cubeide/plugins/com.st.stm32cube.ide.mcu.externaltools.gnu-tools-for-stm32.7-2018-q2-update.win32_1.4.0.202007081208/tools/bin/../lib/gcc/arm-none-eabi/7.3.1/../../../../arm-none-eabi/lib/thumb/v7-m\libc_nano.a(lib_a-init.o)
 .data          0x0000000000000000        0x0 c:/st/stm32cubeide_1.4.0/stm32cubeide/plugins/com.st.stm32cube.ide.mcu.externaltools.gnu-tools-for-stm32.7-2018-q2-update.win32_1.4.0.202007081208/tools/bin/../lib/gcc/arm-none-eabi/7.3.1/../../../../arm-none-eabi/lib/thumb/v7-m\libc_nano.a(lib_a-init.o)
 .bss           0x0000000000000000        0x0 c:/st/stm32cubeide_1.4.0/stm32cubeide/plugins/com.st.stm32cube.ide.mcu.externaltools.gnu-tools-for-stm32.7-2018-q2-update.win32_1.4.0.202007081208/tools/bin/../lib/gcc/arm-none-eabi/7.3.1/../../../../arm-none-eabi/lib/thumb/v7-m\libc_nano.a(lib_a-init.o)
 .text          0x0000000000000000        0x0 c:/st/stm32cubeide_1.4.0/stm32cubeide/plugins/com.st.stm32cube.ide.mcu.externaltools.gnu-tools-for-stm32.7-2018-q2-update.win32_1.4.0.202007081208/tools/bin/../lib/gcc/arm-none-eabi/7.3.1/../../../../arm-none-eabi/lib/thumb/v7-m\libc_nano.a(lib_a-memset.o)
 .data          0x0000000000000000        0x0 c:/st/stm32cubeide_1.4.0/stm32cubeide/plugins/com.st.stm32cube.ide.mcu.externaltools.gnu-tools-for-stm32.7-2018-q2-update.win32_1.4.0.202007081208/tools/bin/../lib/gcc/arm-none-eabi/7.3.1/../../../../arm-none-eabi/lib/thumb/v7-m\libc_nano.a(lib_a-memset.o)
 .bss           0x0000000000000000        0x0 c:/st/stm32cubeide_1.4.0/stm32cubeide/plugins/com.st.stm32cube.ide.mcu.externaltools.gnu-tools-for-stm32.7-2018-q2-update.win32_1.4.0.202007081208/tools/bin/../lib/gcc/arm-none-eabi/7.3.1/../../../../arm-none-eabi/lib/thumb/v7-m\libc_nano.a(lib_a-memset.o)
 .text.memset   0x0000000000000000       0x10 c:/st/stm32cubeide_1.4.0/stm32cubeide/plugins/com.st.stm32cube.ide.mcu.externaltools.gnu-tools-for-stm32.7-2018-q2-update.win32_1.4.0.202007081208/tools/bin/../lib/gcc/arm-none-eabi/7.3.1/../../../../arm-none-eabi/lib/thumb/v7-m\libc_nano.a(lib_a-memset.o)
 .debug_frame   0x0000000000000000       0x20 c:/st/stm32cubeide_1.4.0/stm32cubeide/plugins/com.st.stm32cube.ide.mcu.externaltools.gnu-tools-for-stm32.7-2018-q2-update.win32_1.4.0.202007081208/tools/bin/../lib/gcc/arm-none-eabi/7.3.1/../../../../arm-none-eabi/lib/thumb/v7-m\libc_nano.a(lib_a-memset.o)
 .ARM.attributes
                0x0000000000000000       0x2d c:/st/stm32cubeide_1.4.0/stm32cubeide/plugins/com.st.stm32cube.ide.mcu.externaltools.gnu-tools-for-stm32.7-2018-q2-update.win32_1.4.0.202007081208/tools/bin/../lib/gcc/arm-none-eabi/7.3.1/../../../../arm-none-eabi/lib/thumb/v7-m\libc_nano.a(lib_a-memset.o)
 .text          0x0000000000000000        0x0 c:/st/stm32cubeide_1.4.0/stm32cubeide/plugins/com.st.stm32cube.ide.mcu.externaltools.gnu-tools-for-stm32.7-2018-q2-update.win32_1.4.0.202007081208/tools/bin/../lib/gcc/arm-none-eabi/7.3.1/thumb/v7-m/crtend.o
 .data          0x0000000000000000        0x0 c:/st/stm32cubeide_1.4.0/stm32cubeide/plugins/com.st.stm32cube.ide.mcu.externaltools.gnu-tools-for-stm32.7-2018-q2-update.win32_1.4.0.202007081208/tools/bin/../lib/gcc/arm-none-eabi/7.3.1/thumb/v7-m/crtend.o
 .bss           0x0000000000000000        0x0 c:/st/stm32cubeide_1.4.0/stm32cubeide/plugins/com.st.stm32cube.ide.mcu.externaltools.gnu-tools-for-stm32.7-2018-q2-update.win32_1.4.0.202007081208/tools/bin/../lib/gcc/arm-none-eabi/7.3.1/thumb/v7-m/crtend.o
 .eh_frame      0x0000000000000000        0x4 c:/st/stm32cubeide_1.4.0/stm32cubeide/plugins/com.st.stm32cube.ide.mcu.externaltools.gnu-tools-for-stm32.7-2018-q2-update.win32_1.4.0.202007081208/tools/bin/../lib/gcc/arm-none-eabi/7.3.1/thumb/v7-m/crtend.o
 .ARM.attributes
                0x0000000000000000       0x2d c:/st/stm32cubeide_1.4.0/stm32cubeide/plugins/com.st.stm32cube.ide.mcu.externaltools.gnu-tools-for-stm32.7-2018-q2-update.win32_1.4.0.202007081208/tools/bin/../lib/gcc/arm-none-eabi/7.3.1/thumb/v7-m/crtend.o
 .text          0x0000000000000000        0x0 c:/st/stm32cubeide_1.4.0/stm32cubeide/plugins/com.st.stm32cube.ide.mcu.externaltools.gnu-tools-for-stm32.7-2018-q2-update.win32_1.4.0.202007081208/tools/bin/../lib/gcc/arm-none-eabi/7.3.1/thumb/v7-m/crtn.o
 .data          0x0000000000000000        0x0 c:/st/stm32cubeide_1.4.0/stm32cubeide/plugins/com.st.stm32cube.ide.mcu.externaltools.gnu-tools-for-stm32.7-2018-q2-update.win32_1.4.0.202007081208/tools/bin/../lib/gcc/arm-none-eabi/7.3.1/thumb/v7-m/crtn.o
 .bss           0x0000000000000000        0x0 c:/st/stm32cubeide_1.4.0/stm32cubeide/plugins/com.st.stm32cube.ide.mcu.externaltools.gnu-tools-for-stm32.7-2018-q2-update.win32_1.4.0.202007081208/tools/bin/../lib/gcc/arm-none-eabi/7.3.1/thumb/v7-m/crtn.o

Memory Configuration

Name             Origin             Length             Attributes
RAM              0x0000000020000000 0x0000000000002800 xrw
ROM              0x0000000008000000 0x0000000000008000 xr
*default*        0x0000000000000000 0xffffffffffffffff

Linker script and memory map

LOAD c:/st/stm32cubeide_1.4.0/stm32cubeide/plugins/com.st.stm32cube.ide.mcu.externaltools.gnu-tools-for-stm32.7-2018-q2-update.win32_1.4.0.202007081208/tools/bin/../lib/gcc/arm-none-eabi/7.3.1/thumb/v7-m/crti.o
LOAD c:/st/stm32cubeide_1.4.0/stm32cubeide/plugins/com.st.stm32cube.ide.mcu.externaltools.gnu-tools-for-stm32.7-2018-q2-update.win32_1.4.0.202007081208/tools/bin/../lib/gcc/arm-none-eabi/7.3.1/thumb/v7-m/crtbegin.o
LOAD c:/st/stm32cubeide_1.4.0/stm32cubeide/plugins/com.st.stm32cube.ide.mcu.externaltools.gnu-tools-for-stm32.7-2018-q2-update.win32_1.4.0.202007081208/tools/bin/../lib/gcc/arm-none-eabi/7.3.1/../../../../arm-none-eabi/lib/thumb/v7-m/crt0.o
LOAD STM32F103C6_Drivers/KEYPAD_DRIVER/Keypad.o
LOAD STM32F103C6_Drivers/LCD_DRIVER/LCD.o
LOAD STM32F103C6_Drivers/STM32F103C6_EXTI.o
LOAD STM32F103C6_Drivers/STM32F103C6_GPIO.o
LOAD Src/main.o
LOAD Src/syscalls.o
LOAD Src/sysmem.o
LOAD Startup/startup_stm32f103c6tx.o
START GROUP
LOAD c:/st/stm32cubeide_1.4.0/stm32cubeide/plugins/com.st.stm32cube.ide.mcu.externaltools.gnu-tools-for-stm32.7-2018-q2-update.win32_1.4.0.202007081208/tools/bin/../lib/gcc/arm-none-eabi/7.3.1/../../../../arm-none-eabi/lib/thumb/v7-m\libc_nano.a
LOAD c:/st/stm32cubeide_1.4.0/stm32cubeide/plugins/com.st.stm32cube.ide.mcu.externaltools.gnu-tools-for-stm32.7-2018-q2-update.win32_1.4.0.202007081208/tools/bin/../lib/gcc/arm-none-eabi/7.3.1/../../../../arm-none-eabi/lib/thumb/v7-m\libm.a
END GROUP
START GROUP
LOAD c:/st/stm32cubeide_1.4.0/stm32cubeide/plugins/com.st.stm32cube.ide.mcu.externaltools.gnu-tools-for-stm32.7-2018-q2-update.win32_1.4.0.202007081208/tools/bin/../lib/gcc/arm-none-eabi/7.3.1/thumb/v7-m\libgcc.a
LOAD c:/st/stm32cubeide_1.4.0/stm32cubeide/plugins/com.st.stm32cube.ide.mcu.externaltools.gnu-tools-for-stm32.7-2018-q2-update.win32_1.4.0.202007081208/tools/bin/../lib/gcc/arm-none-eabi/7.3.1/../../../../arm-none-eabi/lib/thumb/v7-m\libg_nano.a
LOAD c:/st/stm32cubeide_1.4.0/stm32cubeide/plugins/com.st.stm32cube.ide.mcu.externaltools.gnu-tools-for-stm32.7-2018-q2-update.win32_1.4.0.202007081208/tools/bin/../lib/gcc/arm-none-eabi/7.3.1/../../../../arm-none-eabi/lib/thumb/v7-m\libc_nano.a
END GROUP
START GROUP
LOAD c:/st/stm32cubeide_1.4.0/stm32cubeide/plugins/com.st.stm32cube.ide.mcu.externaltools.gnu-tools-for-stm32.7-2018-q2-update.win32_1.4.0.202007081208/tools/bin/../lib/gcc/arm-none-eabi/7.3.1/thumb/v7-m\libgcc.a
LOAD c:/st/stm32cubeide_1.4.0/stm32cubeide/plugins/com.st.stm32cube.ide.mcu.externaltools.gnu-tools-for-stm32.7-2018-q2-update.win32_1.4.0.202007081208/tools/bin/../lib/gcc/arm-none-eabi/7.3.1/../../../../arm-none-eabi/lib/thumb/v7-m\libc_nano.a
LOAD c:/st/stm32cubeide_1.4.0/stm32cubeide/plugins/com.st.stm32cube.ide.mcu.externaltools.gnu-tools-for-stm32.7-2018-q2-update.win32_1.4.0.202007081208/tools/bin/../lib/gcc/arm-none-eabi/7.3.1/../../../../arm-none-eabi/lib/thumb/v7-m\libnosys.a
END GROUP
START GROUP
LOAD c:/st/stm32cubeide_1.4.0/stm32cubeide/plugins/com.st.stm32cube.ide.mcu.externaltools.gnu-tools-for-stm32.7-2018-q2-update.win32_1.4.0.202007081208/tools/bin/../lib/gcc/arm-none-eabi/7.3.1/thumb/v7-m\libgcc.a
LOAD c:/st/stm32cubeide_1.4.0/stm32cubeide/plugins/com.st.stm32cube.ide.mcu.externaltools.gnu-tools-for-stm32.7-2018-q2-update.win32_1.4.0.202007081208/tools/bin/../lib/gcc/arm-none-eabi/7.3.1/../../../../arm-none-eabi/lib/thumb/v7-m\libc_nano.a
LOAD c:/st/stm32cubeide_1.4.0/stm32cubeide/plugins/com.st.stm32cube.ide.mcu.externaltools.gnu-tools-for-stm32.7-2018-q2-update.win32_1.4.0.202007081208/tools/bin/../lib/gcc/arm-none-eabi/7.3.1/../../../../arm-none-eabi/lib/thumb/v7-m\libnosys.a
END GROUP
LOAD c:/st/stm32cubeide_1.4.0/stm32cubeide/plugins/com.st.stm32cube.ide.mcu.externaltools.gnu-tools-for-stm32.7-2018-q2-update.win32_1.4.0.202007081208/tools/bin/../lib/gcc/arm-none-eabi/7.3.1/thumb/v7-m/crtend.o
LOAD c:/st/stm32cubeide_1.4.0/stm32cubeide/plugins/com.st.stm32cube.ide.mcu.externaltools.gnu-tools-for-stm32.7-2018-q2-update.win32_1.4.0.202007081208/tools/bin/../lib/gcc/arm-none-eabi/7.3.1/thumb/v7-m/crtn.o
                0x0000000020002800                _estack = (ORIGIN (RAM) + LENGTH (RAM))
                0x0000000000000200                _Min_Heap_Size = 0x200
                0x0000000000000400                _Min_Stack_Size = 0x400

.isr_vector     0x0000000008000000      0x130
                0x0000000008000000                . = ALIGN (0x4)
 *(.isr_vector)
 .isr_vector    0x0000000008000000      0x130 Startup/startup_stm32f103c6tx.o
                0x0000000008000000                g_pfnVectors
                0x0000000008000130                . = ALIGN (0x4)

.text           0x0000000008000130      0xcc8
                0x0000000008000130                . = ALIGN (0x4)
 *(.text)
 .text          0x0000000008000130       0x40 c:/st/stm32cubeide_1.4.0/stm32cubeide/plugins/com.st.stm32cube.ide.mcu.externaltools.gnu-tools-for-stm32.7-2018-q2-update.win32_1.4.0.202007081208/tools/bin/../lib/gcc/arm-none-eabi/7.3.1/thumb/v7-m/crtbegin.o
 *(.text*)
 .text.custom_delay
                0x0000000008000170       0x38 STM32F103C6_Drivers/LCD_DRIVER/LCD.o
                0x0000000008000170                custom_delay
 .text.LCD_INIT
                0x00000000080001a8      0x180 STM32F103C6_Drivers/LCD_DRIVER/LCD.o
                0x00000000080001a8                LCD_INIT
 .text.LCD_write_command
                0x0000000008000328       0x44 STM32F103C6_Drivers/LCD_DRIVER/LCD.o
                0x0000000008000328                LCD_write_command
 .text.LCD_write_data
                0x000000000800036c       0x44 STM32F103C6_Drivers/LCD_DRIVER/LCD.o
                0x000000000800036c                LCD_write_data
 .text.LCD_write_string
                0x00000000080003b0       0x64 STM32F103C6_Drivers/LCD_DRIVER/LCD.o
                0x00000000080003b0                LCD_write_string
 .text.LCD_Clear_screen
                0x0000000008000414        0xe STM32F103C6_Drivers/LCD_DRIVER/LCD.o
                0x0000000008000414                LCD_Clear_screen
 *fill*         0x0000000008000422        0x2 
 .text.LCD_kick
                0x0000000008000424       0x2c STM32F103C6_Drivers/LCD_DRIVER/LCD.o
                0x0000000008000424                LCD_kick
 .text.LCD_GOTO_XY
                0x0000000008000450       0x44 STM32F103C6_Drivers/LCD_DRIVER/LCD.o
                0x0000000008000450                LCD_GOTO_XY
 .text.Enable_NVIC
                0x0000000008000494       0xcc STM32F103C6_Drivers/STM32F103C6_EXTI.o
                0x0000000008000494                Enable_NVIC
 .text.Disable_NVIC
                0x0000000008000560       0xcc STM32F103C6_Drivers/STM32F103C6_EXTI.o
                0x0000000008000560                Disable_NVIC
 .text.Update_EXTI
                0x000000000800062c      0x1d8 STM32F103C6_Drivers/STM32F103C6_EXTI.o
                0x000000000800062c                Update_EXTI
 .text.MCAL_EXTI_Init
                0x0000000008000804       0x16 STM32F103C6_Drivers/STM32F103C6_EXTI.o
                0x0000000008000804                MCAL_EXTI_Init
 *fill*         0x000000000800081a        0x2 
 .text.EXTI0_IRQHandler
                0x000000000800081c       0x24 STM32F103C6_Drivers/STM32F103C6_EXTI.o
                0x000000000800081c                EXTI0_IRQHandler
 .text.EXTI1_IRQHandler
                0x0000000008000840       0x24 STM32F103C6_Drivers/STM32F103C6_EXTI.o
                0x0000000008000840                EXTI1_IRQHandler
 .text.EXTI2_IRQHandler
                0x0000000008000864       0x24 STM32F103C6_Drivers/STM32F103C6_EXTI.o
                0x0000000008000864                EXTI2_IRQHandler
 .text.EXTI3_IRQHandler
                0x0000000008000888       0x24 STM32F103C6_Drivers/STM32F103C6_EXTI.o
                0x0000000008000888                EXTI3_IRQHandler
 .text.EXTI4_IRQHandler
                0x00000000080008ac       0x24 STM32F103C6_Drivers/STM32F103C6_EXTI.o
                0x00000000080008ac                EXTI4_IRQHandler
 .text.EXTI9_5_IRQHandler
                0x00000000080008d0       0xa8 STM32F103C6_Drivers/STM32F103C6_EXTI.o
                0x00000000080008d0                EXTI9_5_IRQHandler
 .text.EXTI15_10_IRQHandler
                0x0000000008000978       0xc4 STM32F103C6_Drivers/STM32F103C6_EXTI.o
                0x0000000008000978                EXTI15_10_IRQHandler
 .text.CRLH_Postion
                0x0000000008000a3c       0xc4 STM32F103C6_Drivers/STM32F103C6_GPIO.o
                0x0000000008000a3c                CRLH_Postion
 .text.MCAL_GPIO_Init
                0x0000000008000b00       0xfc STM32F103C6_Drivers/STM32F103C6_GPIO.o
                0x0000000008000b00                MCAL_GPIO_Init
 .text.MCAL_GPIO_WritePin
                0x0000000008000bfc       0x3c STM32F103C6_Drivers/STM32F103C6_GPIO.o
                0x0000000008000bfc                MCAL_GPIO_WritePin
 .text.MCAL_GPIO_WritePort
                0x0000000008000c38       0x1c STM32F103C6_Drivers/STM32F103C6_GPIO.o
                0x0000000008000c38                MCAL_GPIO_WritePort
 .text.wait     0x0000000008000c54       0x38 Src/main.o
                0x0000000008000c54                wait
 .text.clk_init
                0x0000000008000c8c       0x34 Src/main.o
                0x0000000008000c8c                clk_init
 .text.EXTI_CallBack
                0x0000000008000cc0       0x28 Src/main.o
                0x0000000008000cc0                EXTI_CallBack
 .text.main     0x0000000008000ce8       0x5c Src/main.o
                0x0000000008000ce8                main
 .text.Reset_Handler
                0x0000000008000d44       0x50 Startup/startup_stm32f103c6tx.o
                0x0000000008000d44                Reset_Handler
 .text.Default_Handler
                0x0000000008000d94        0x2 Startup/startup_stm32f103c6tx.o
                0x0000000008000d94                TIM8_TRG_COM_IRQHandler
                0x0000000008000d94                TIM8_CC_IRQHandler
                0x0000000008000d94                DebugMon_Handler
                0x0000000008000d94                TIM1_CC_IRQHandler
                0x0000000008000d94                HardFault_Handler
                0x0000000008000d94                TIM6_IRQHandler
                0x0000000008000d94                SysTick_Handler
                0x0000000008000d94                PVD_IRQHandler
                0x0000000008000d94                SDIO_IRQHandler
                0x0000000008000d94                PendSV_Handler
                0x0000000008000d94                NMI_Handler
                0x0000000008000d94                USB_HP_CAN_TX_IRQHandler
                0x0000000008000d94                I2C2_EV_IRQHandler
                0x0000000008000d94                UsageFault_Handler
                0x0000000008000d94                ADC1_2_IRQHandler
                0x0000000008000d94                SPI1_IRQHandler
                0x0000000008000d94                CAN_SCE_IRQHandler
                0x0000000008000d94                TAMPER_IRQHandler
                0x0000000008000d94                TIM8_UP_IRQHandler
                0x0000000008000d94                DMA2_Channel2_IRQHandler
                0x0000000008000d94                DMA1_Channel4_IRQHandler
                0x0000000008000d94                USART3_IRQHandler
                0x0000000008000d94                RTC_IRQHandler
                0x0000000008000d94                DMA1_Channel7_IRQHandler
                0x0000000008000d94                UART5_IRQHandler
                0x0000000008000d94                ADC3_IRQHandler
                0x0000000008000d94                TIM4_IRQHandler
                0x0000000008000d94                CAN_RX1_IRQHandler
                0x0000000008000d94                DMA2_Channel1_IRQHandler
                0x0000000008000d94                I2C1_EV_IRQHandler
                0x0000000008000d94                DMA1_Channel6_IRQHandler
                0x0000000008000d94                UART4_IRQHandler
                0x0000000008000d94                TIM3_IRQHandler
                0x0000000008000d94                RCC_IRQHandler
                0x0000000008000d94                TIM1_TRG_COM_IRQHandler
                0x0000000008000d94                DMA1_Channel1_IRQHandler
                0x0000000008000d94                Default_Handler
                0x0000000008000d94                TIM7_IRQHandler
                0x0000000008000d94                TIM5_IRQHandler
                0x0000000008000d94                SPI2_IRQHandler
                0x0000000008000d94                USB_LP_CAN_RX0_IRQHandler
                0x0000000008000d94                MemManage_Handler
                0x0000000008000d94                SVC_Handler
                0x0000000008000d94                DMA1_Channel5_IRQHandler
                0x0000000008000d94                DMA1_Channel3_IRQHandler
                0x0000000008000d94                FSMC_IRQHandler
                0x0000000008000d94                TIM1_UP_IRQHandler
                0x0000000008000d94                WWDG_IRQHandler
                0x0000000008000d94                TIM2_IRQHandler
                0x0000000008000d94                TIM1_BRK_IRQHandler
                0x0000000008000d94                RTCAlarm_IRQHandler
                0x0000000008000d94                DMA2_Channel4_5_IRQHandler
                0x0000000008000d94                USART2_IRQHandler
                0x0000000008000d94                I2C2_ER_IRQHandler
                0x0000000008000d94                DMA1_Channel2_IRQHandler
                0x0000000008000d94                TIM8_BRK_IRQHandler
                0x0000000008000d94                FLASH_IRQHandler
                0x0000000008000d94                BusFault_Handler
                0x0000000008000d94                USART1_IRQHandler
                0x0000000008000d94                SPI3_IRQHandler
                0x0000000008000d94                I2C1_ER_IRQHandler
                0x0000000008000d94                DMA2_Channel3_IRQHandler
 *fill*         0x0000000008000d96        0x2 
 .text.__libc_init_array
                0x0000000008000d98       0x48 c:/st/stm32cubeide_1.4.0/stm32cubeide/plugins/com.st.stm32cube.ide.mcu.externaltools.gnu-tools-for-stm32.7-2018-q2-update.win32_1.4.0.202007081208/tools/bin/../lib/gcc/arm-none-eabi/7.3.1/../../../../arm-none-eabi/lib/thumb/v7-m\libc_nano.a(lib_a-init.o)
                0x0000000008000d98                __libc_init_array
 *(.glue_7)
 .glue_7        0x0000000008000de0        0x0 linker stubs
 *(.glue_7t)
 .glue_7t       0x0000000008000de0        0x0 linker stubs
 *(.eh_frame)
 .eh_frame      0x0000000008000de0        0x0 c:/st/stm32cubeide_1.4.0/stm32cubeide/plugins/com.st.stm32cube.ide.mcu.externaltools.gnu-tools-for-stm32.7-2018-q2-update.win32_1.4.0.202007081208/tools/bin/../lib/gcc/arm-none-eabi/7.3.1/thumb/v7-m/crtbegin.o
 *(.init)
 .init          0x0000000008000de0        0x4 c:/st/stm32cubeide_1.4.0/stm32cubeide/plugins/com.st.stm32cube.ide.mcu.externaltools.gnu-tools-for-stm32.7-2018-q2-update.win32_1.4.0.202007081208/tools/bin/../lib/gcc/arm-none-eabi/7.3.1/thumb/v7-m/crti.o
                0x0000000008000de0                _init
 .init          0x0000000008000de4        0x8 c:/st/stm32cubeide_1.4.0/stm32cubeide/plugins/com.st.stm32cube.ide.mcu.externaltools.gnu-tools-for-stm32.7-2018-q2-update.win32_1.4.0.202007081208/tools/bin/../lib/gcc/arm-none-eabi/7.3.1/thumb/v7-m/crtn.o
 *(.fini)
 .fini          0x0000000008000dec        0x4 c:/st/stm32cubeide_1.4.0/stm32cubeide/plugins/com.st.stm32cube.ide.mcu.externaltools.gnu-tools-for-stm32.7-2018-q2-update.win32_1.4.0.202007081208/tools/bin/../lib/gcc/arm-none-eabi/7.3.1/thumb/v7-m/crti.o
                0x0000000008000dec                _fini
 .fini          0x0000000008000df0        0x8 c:/st/stm32cubeide_1.4.0/stm32cubeide/plugins/com.st.stm32cube.ide.mcu.externaltools.gnu-tools-for-stm32.7-2018-q2-update.win32_1.4.0.202007081208/tools/bin/../lib/gcc/arm-none-eabi/7.3.1/thumb/v7-m/crtn.o
                0x0000000008000df8                . = ALIGN (0x4)
                0x0000000008000df8                _etext = .

.vfp11_veneer   0x0000000008000df8        0x0
 .vfp11_veneer  0x0000000008000df8        0x0 linker stubs

.v4_bx          0x0000000008000df8        0x0
 .v4_bx         0x0000000008000df8        0x0 linker stubs

.iplt           0x0000000008000df8        0x0
 .iplt          0x0000000008000df8        0x0 c:/st/stm32cubeide_1.4.0/stm32cubeide/plugins/com.st.stm32cube.ide.mcu.externaltools.gnu-tools-for-stm32.7-2018-q2-update.win32_1.4.0.202007081208/tools/bin/../lib/gcc/arm-none-eabi/7.3.1/thumb/v7-m/crtbegin.o

.rodata         0x0000000008000df8       0x30
                0x0000000008000df8                . = ALIGN (0x4)
 *(.rodata)
 .rodata        0x0000000008000df8       0x30 Src/main.o
 *(.rodata*)
                0x0000000008000e28                . = ALIGN (0x4)

.rel.dyn        0x0000000008000e28        0x0
 .rel.iplt      0x0000000008000e28        0x0 c:/st/stm32cubeide_1.4.0/stm32cubeide/plugins/com.st.stm32cube.ide.mcu.externaltools.gnu-tools-for-stm32.7-2018-q2-update.win32_1.4.0.202007081208/tools/bin/../lib/gcc/arm-none-eabi/7.3.1/thumb/v7-m/crtbegin.o

.ARM.extab      0x0000000008000e28        0x0
                0x0000000008000e28                . = ALIGN (0x4)
 *(.ARM.extab* .gnu.linkonce.armextab.*)
                0x0000000008000e28                . = ALIGN (0x4)

.ARM            0x0000000008000e28        0x0
                0x0000000008000e28                . = ALIGN (0x4)
                0x0000000008000e28                __exidx_start = .
 *(.ARM.exidx*)
                0x0000000008000e28                __exidx_end = .
                0x0000000008000e28                . = ALIGN (0x4)

.preinit_array  0x0000000008000e28        0x0
                0x0000000008000e28                . = ALIGN (0x4)
                0x0000000008000e28                PROVIDE (__preinit_array_start = .)
 *(.preinit_array*)
                0x0000000008000e28                PROVIDE (__preinit_array_end = .)
                0x0000000008000e28                . = ALIGN (0x4)

.init_array     0x0000000008000e28        0x4
                0x0000000008000e28                . = ALIGN (0x4)
                0x0000000008000e28                PROVIDE (__init_array_start = .)
 *(SORT_BY_NAME(.init_array.*))
 *(.init_array*)
 .init_array    0x0000000008000e28        0x4 c:/st/stm32cubeide_1.4.0/stm32cubeide/plugins/com.st.stm32cube.ide.mcu.externaltools.gnu-tools-for-stm32.7-2018-q2-update.win32_1.4.0.202007081208/tools/bin/../lib/gcc/arm-none-eabi/7.3.1/thumb/v7-m/crtbegin.o
                0x0000000008000e2c                PROVIDE (__init_array_end = .)
                0x0000000008000e2c                . = ALIGN (0x4)

.fini_array     0x0000000008000e2c        0x4
                0x0000000008000e2c                . = ALIGN (0x4)
                [!provide]                        PROVIDE (__fini_array_start = .)
 *(SORT_BY_NAME(.fini_array.*))
 *(.fini_array*)
 .fini_array    0x0000000008000e2c        0x4 c:/st/stm32cubeide_1.4.0/stm32cubeide/plugins/com.st.stm32cube.ide.mcu.externaltools.gnu-tools-for-stm32.7-2018-q2-update.win32_1.4.0.202007081208/tools/bin/../lib/gcc/arm-none-eabi/7.3.1/thumb/v7-m/crtbegin.o
                [!provide]                        PROVIDE (__fini_array_end = .)
                0x0000000008000e30                . = ALIGN (0x4)
                0x0000000008000e30                _sidata = LOADADDR (.data)

.data           0x0000000020000000        0x0 load address 0x0000000008000e30
                0x0000000020000000                . = ALIGN (0x4)
                0x0000000020000000                _sdata = .
 *(.data)
 *(.data*)
                0x0000000020000000                . = ALIGN (0x4)
                0x0000000020000000                _edata = .

.igot.plt       0x0000000020000000        0x0 load address 0x0000000008000e30
 .igot.plt      0x0000000020000000        0x0 c:/st/stm32cubeide_1.4.0/stm32cubeide/plugins/com.st.stm32cube.ide.mcu.externaltools.gnu-tools-for-stm32.7-2018-q2-update.win32_1.4.0.202007081208/tools/bin/../lib/gcc/arm-none-eabi/7.3.1/thumb/v7-m/crtbegin.o
                0x0000000020000000                . = ALIGN (0x4)

.bss            0x0000000020000000       0x60 load address 0x0000000008000e30
                0x0000000020000000                _sbss = .
                0x0000000020000000                __bss_start__ = _sbss
 *(.bss)
 .bss           0x0000000020000000       0x1c c:/st/stm32cubeide_1.4.0/stm32cubeide/plugins/com.st.stm32cube.ide.mcu.externaltools.gnu-tools-for-stm32.7-2018-q2-update.win32_1.4.0.202007081208/tools/bin/../lib/gcc/arm-none-eabi/7.3.1/thumb/v7-m/crtbegin.o
 *(.bss*)
 *(COMMON)
 COMMON         0x000000002000001c        0x4 STM32F103C6_Drivers/KEYPAD_DRIVER/Keypad.o
                0x000000002000001c                pinConfig
 COMMON         0x0000000020000020       0x3c STM32F103C6_Drivers/STM32F103C6_EXTI.o
                0x0000000020000020                GP_IRQ_CallBack
 COMMON         0x000000002000005c        0x1 Src/main.o
                0x000000002000005c                IRQ_FLAG
                0x0000000020000060                . = ALIGN (0x4)
 *fill*         0x000000002000005d        0x3 
                0x0000000020000060                _ebss = .
                0x0000000020000060                __bss_end__ = _ebss

._user_heap_stack
                0x0000000020000060      0x600 load address 0x0000000008000e30
                0x0000000020000060                . = ALIGN (0x8)
                [!provide]                        PROVIDE (end = .)
                0x0000000020000060                PROVIDE (_end = .)
                0x0000000020000260                . = (. + _Min_Heap_Size)
 *fill*         0x0000000020000060      0x200 
                0x0000000020000660                . = (. + _Min_Stack_Size)
 *fill*         0x0000000020000260      0x400 
                0x0000000020000660                . = ALIGN (0x8)

/DISCARD/
 libc.a(*)
 libm.a(*)
 libgcc.a(*)

.ARM.attributes
                0x0000000000000000       0x29
 *(.ARM.attributes)
 .ARM.attributes
                0x0000000000000000       0x1d c:/st/stm32cubeide_1.4.0/stm32cubeide/plugins/com.st.stm32cube.ide.mcu.externaltools.gnu-tools-for-stm32.7-2018-q2-update.win32_1.4.0.202007081208/tools/bin/../lib/gcc/arm-none-eabi/7.3.1/thumb/v7-m/crti.o
 .ARM.attributes
                0x000000000000001d       0x2d c:/st/stm32cubeide_1.4.0/stm32cubeide/plugins/com.st.stm32cube.ide.mcu.externaltools.gnu-tools-for-stm32.7-2018-q2-update.win32_1.4.0.202007081208/tools/bin/../lib/gcc/arm-none-eabi/7.3.1/thumb/v7-m/crtbegin.o
 .ARM.attributes
                0x000000000000004a       0x33 STM32F103C6_Drivers/KEYPAD_DRIVER/Keypad.o
 .ARM.attributes
                0x000000000000007d       0x33 STM32F103C6_Drivers/LCD_DRIVER/LCD.o
 .ARM.attributes
                0x00000000000000b0       0x33 STM32F103C6_Drivers/STM32F103C6_EXTI.o
 .ARM.attributes
                0x00000000000000e3       0x33 STM32F103C6_Drivers/STM32F103C6_GPIO.o
 .ARM.attributes
                0x0000000000000116       0x33 Src/main.o
 .ARM.attributes
                0x0000000000000149       0x21 Startup/startup_stm32f103c6tx.o
 .ARM.attributes
                0x000000000000016a       0x2d c:/st/stm32cubeide_1.4.0/stm32cubeide/plugins/com.st.stm32cube.ide.mcu.externaltools.gnu-tools-for-stm32.7-2018-q2-update.win32_1.4.0.202007081208/tools/bin/../lib/gcc/arm-none-eabi/7.3.1/../../../../arm-none-eabi/lib/thumb/v7-m\libc_nano.a(lib_a-init.o)
 .ARM.attributes
                0x0000000000000197       0x1d c:/st/stm32cubeide_1.4.0/stm32cubeide/plugins/com.st.stm32cube.ide.mcu.externaltools.gnu-tools-for-stm32.7-2018-q2-update.win32_1.4.0.202007081208/tools/bin/../lib/gcc/arm-none-eabi/7.3.1/thumb/v7-m/crtn.o
OUTPUT(Drivers.elf elf32-littlearm)

.debug_info     0x0000000000000000     0x3e66
 .debug_info    0x0000000000000000      0xb0a STM32F103C6_Drivers/KEYPAD_DRIVER/Keypad.o
 .debug_info    0x0000000000000b0a      0xbc8 STM32F103C6_Drivers/LCD_DRIVER/LCD.o
 .debug_info    0x00000000000016d2      0xdb8 STM32F103C6_Drivers/STM32F103C6_EXTI.o
 .debug_info    0x000000000000248a      0xd4f STM32F103C6_Drivers/STM32F103C6_GPIO.o
 .debug_info    0x00000000000031d9      0xc6b Src/main.o
 .debug_info    0x0000000000003e44       0x22 Startup/startup_stm32f103c6tx.o

.debug_abbrev   0x0000000000000000      0x998
 .debug_abbrev  0x0000000000000000      0x1a6 STM32F103C6_Drivers/KEYPAD_DRIVER/Keypad.o
 .debug_abbrev  0x00000000000001a6      0x1ed STM32F103C6_Drivers/LCD_DRIVER/LCD.o
 .debug_abbrev  0x0000000000000393      0x210 STM32F103C6_Drivers/STM32F103C6_EXTI.o
 .debug_abbrev  0x00000000000005a3      0x1ed STM32F103C6_Drivers/STM32F103C6_GPIO.o
 .debug_abbrev  0x0000000000000790      0x1f6 Src/main.o
 .debug_abbrev  0x0000000000000986       0x12 Startup/startup_stm32f103c6tx.o

.debug_loc      0x0000000000000000      0x9f0
 .debug_loc     0x0000000000000000       0x7c STM32F103C6_Drivers/KEYPAD_DRIVER/Keypad.o
 .debug_loc     0x000000000000007c      0x220 STM32F103C6_Drivers/LCD_DRIVER/LCD.o
 .debug_loc     0x000000000000029c      0x320 STM32F103C6_Drivers/STM32F103C6_EXTI.o
 .debug_loc     0x00000000000005bc      0x330 STM32F103C6_Drivers/STM32F103C6_GPIO.o
 .debug_loc     0x00000000000008ec      0x104 Src/main.o

.debug_aranges  0x0000000000000000      0x1c0
 .debug_aranges
                0x0000000000000000       0x28 STM32F103C6_Drivers/KEYPAD_DRIVER/Keypad.o
 .debug_aranges
                0x0000000000000028       0x58 STM32F103C6_Drivers/LCD_DRIVER/LCD.o
 .debug_aranges
                0x0000000000000080       0x80 STM32F103C6_Drivers/STM32F103C6_EXTI.o
 .debug_aranges
                0x0000000000000100       0x60 STM32F103C6_Drivers/STM32F103C6_GPIO.o
 .debug_aranges
                0x0000000000000160       0x38 Src/main.o
 .debug_aranges
                0x0000000000000198       0x28 Startup/startup_stm32f103c6tx.o

.debug_ranges   0x0000000000000000      0x168
 .debug_ranges  0x0000000000000000       0x18 STM32F103C6_Drivers/KEYPAD_DRIVER/Keypad.o
 .debug_ranges  0x0000000000000018       0x48 STM32F103C6_Drivers/LCD_DRIVER/LCD.o
 .debug_ranges  0x0000000000000060       0x70 STM32F103C6_Drivers/STM32F103C6_EXTI.o
 .debug_ranges  0x00000000000000d0       0x50 STM32F103C6_Drivers/STM32F103C6_GPIO.o
 .debug_ranges  0x0000000000000120       0x28 Src/main.o
 .debug_ranges  0x0000000000000148       0x20 Startup/startup_stm32f103c6tx.o

.debug_macro    0x0000000000000000     0x25b5
 .debug_macro   0x0000000000000000      0x152 STM32F103C6_Drivers/KEYPAD_DRIVER/Keypad.o
 .debug_macro   0x0000000000000152      0xa60 STM32F103C6_Drivers/KEYPAD_DRIVER/Keypad.o
 .debug_macro   0x0000000000000bb2       0x18 STM32F103C6_Drivers/KEYPAD_DRIVER/Keypad.o
 .debug_macro   0x0000000000000bca       0x22 STM32F103C6_Drivers/KEYPAD_DRIVER/Keypad.o
 .debug_macro   0x0000000000000bec       0x40 STM32F103C6_Drivers/KEYPAD_DRIVER/Keypad.o
 .debug_macro   0x0000000000000c2c       0x94 STM32F103C6_Drivers/KEYPAD_DRIVER/Keypad.o
 .debug_macro   0x0000000000000cc0       0x3c STM32F103C6_Drivers/KEYPAD_DRIVER/Keypad.o
 .debug_macro   0x0000000000000cfc       0x34 STM32F103C6_Drivers/KEYPAD_DRIVER/Keypad.o
 .debug_macro   0x0000000000000d30       0x16 STM32F103C6_Drivers/KEYPAD_DRIVER/Keypad.o
 .debug_macro   0x0000000000000d46      0x10e STM32F103C6_Drivers/KEYPAD_DRIVER/Keypad.o
 .debug_macro   0x0000000000000e54       0x8d STM32F103C6_Drivers/KEYPAD_DRIVER/Keypad.o
 .debug_macro   0x0000000000000ee1       0x57 STM32F103C6_Drivers/KEYPAD_DRIVER/Keypad.o
 .debug_macro   0x0000000000000f38       0x52 STM32F103C6_Drivers/KEYPAD_DRIVER/Keypad.o
 .debug_macro   0x0000000000000f8a       0x1f STM32F103C6_Drivers/KEYPAD_DRIVER/Keypad.o
 .debug_macro   0x0000000000000fa9       0x43 STM32F103C6_Drivers/KEYPAD_DRIVER/Keypad.o
 .debug_macro   0x0000000000000fec       0x20 STM32F103C6_Drivers/KEYPAD_DRIVER/Keypad.o
 .debug_macro   0x000000000000100c      0x1a3 STM32F103C6_Drivers/KEYPAD_DRIVER/Keypad.o
 .debug_macro   0x00000000000011af      0x330 STM32F103C6_Drivers/KEYPAD_DRIVER/Keypad.o
 .debug_macro   0x00000000000014df       0x16 STM32F103C6_Drivers/KEYPAD_DRIVER/Keypad.o
 .debug_macro   0x00000000000014f5       0x29 STM32F103C6_Drivers/KEYPAD_DRIVER/Keypad.o
 .debug_macro   0x000000000000151e       0xef STM32F103C6_Drivers/KEYPAD_DRIVER/Keypad.o
 .debug_macro   0x000000000000160d       0x6a STM32F103C6_Drivers/KEYPAD_DRIVER/Keypad.o
 .debug_macro   0x0000000000001677      0x1df STM32F103C6_Drivers/KEYPAD_DRIVER/Keypad.o
 .debug_macro   0x0000000000001856      0x1bc STM32F103C6_Drivers/KEYPAD_DRIVER/Keypad.o
 .debug_macro   0x0000000000001a12       0xd0 STM32F103C6_Drivers/KEYPAD_DRIVER/Keypad.o
 .debug_macro   0x0000000000001ae2       0x3a STM32F103C6_Drivers/KEYPAD_DRIVER/Keypad.o
 .debug_macro   0x0000000000001b1c      0x151 STM32F103C6_Drivers/LCD_DRIVER/LCD.o
 .debug_macro   0x0000000000001c6d       0x10 STM32F103C6_Drivers/LCD_DRIVER/LCD.o
 .debug_macro   0x0000000000001c7d       0x9a STM32F103C6_Drivers/LCD_DRIVER/LCD.o
 .debug_macro   0x0000000000001d17      0x14e STM32F103C6_Drivers/STM32F103C6_EXTI.o
 .debug_macro   0x0000000000001e65      0x1bc STM32F103C6_Drivers/STM32F103C6_EXTI.o
 .debug_macro   0x0000000000002021       0xd6 STM32F103C6_Drivers/STM32F103C6_EXTI.o
 .debug_macro   0x00000000000020f7      0x21b STM32F103C6_Drivers/STM32F103C6_EXTI.o
 .debug_macro   0x0000000000002312      0x13f STM32F103C6_Drivers/STM32F103C6_GPIO.o
 .debug_macro   0x0000000000002451      0x164 Src/main.o

.debug_line     0x0000000000000000     0x2165
 .debug_line    0x0000000000000000      0x675 STM32F103C6_Drivers/KEYPAD_DRIVER/Keypad.o
 .debug_line    0x0000000000000675      0x66f STM32F103C6_Drivers/LCD_DRIVER/LCD.o
 .debug_line    0x0000000000000ce4      0x733 STM32F103C6_Drivers/STM32F103C6_EXTI.o
 .debug_line    0x0000000000001417      0x67c STM32F103C6_Drivers/STM32F103C6_GPIO.o
 .debug_line    0x0000000000001a93      0x64e Src/main.o
 .debug_line    0x00000000000020e1       0x84 Startup/startup_stm32f103c6tx.o

.debug_str      0x0000000000000000     0x95a2
 .debug_str     0x0000000000000000     0x7c06 STM32F103C6_Drivers/KEYPAD_DRIVER/Keypad.o
                                       0x7e6d (size before relaxing)
 .debug_str     0x0000000000007c06      0x308 STM32F103C6_Drivers/LCD_DRIVER/LCD.o
                                       0x809f (size before relaxing)
 .debug_str     0x0000000000007f0e     0x14ee STM32F103C6_Drivers/STM32F103C6_EXTI.o
                                       0x9275 (size before relaxing)
 .debug_str     0x00000000000093fc      0x12f STM32F103C6_Drivers/STM32F103C6_GPIO.o
                                       0x7ec1 (size before relaxing)
 .debug_str     0x000000000000952b       0x46 Src/main.o
                                       0x9374 (size before relaxing)
 .debug_str     0x0000000000009571       0x31 Startup/startup_stm32f103c6tx.o
                                         0x79 (size before relaxing)

.comment        0x0000000000000000       0x7b
 .comment       0x0000000000000000       0x7b STM32F103C6_Drivers/KEYPAD_DRIVER/Keypad.o
                                         0x7c (size before relaxing)
 .comment       0x000000000000007b       0x7c STM32F103C6_Drivers/LCD_DRIVER/LCD.o
 .comment       0x000000000000007b       0x7c STM32F103C6_Drivers/STM32F103C6_EXTI.o
 .comment       0x000000000000007b       0x7c STM32F103C6_Drivers/STM32F103C6_GPIO.o
 .comment       0x000000000000007b       0x7c Src/main.o

.debug_frame    0x0000000000000000      0x554
 .debug_frame   0x0000000000000000       0x50 STM32F103C6_Drivers/KEYPAD_DRIVER/Keypad.o
 .debug_frame   0x0000000000000050      0x11c STM32F103C6_Drivers/LCD_DRIVER/LCD.o
 .debug_frame   0x000000000000016c      0x1b0 STM32F103C6_Drivers/STM32F103C6_EXTI.o
 .debug_frame   0x000000000000031c      0x178 STM32F103C6_Drivers/STM32F103C6_GPIO.o
 .debug_frame   0x0000000000000494       0x94 Src/main.o
 .debug_frame   0x0000000000000528       0x2c c:/st/stm32cubeide_1.4.0/stm32cubeide/plugins/com.st.stm32cube.ide.mcu.externaltools.gnu-tools-for-stm32.7-2018-q2-update.win32_1.4.0.202007081208/tools/bin/../lib/gcc/arm-none-eabi/7.3.1/../../../../arm-none-eabi/lib/thumb/v7-m\libc_nano.a(lib_a-init.o)
