
Allocating common symbols
Common symbol       size              file

alarm_monitor_state
                    0x4               alarm_monitor.o
pSensor_state       0x4               pressure_sensor.o
pController_state   0x4               pressure_controller.o
pSensor_state_id    0x1               main.o
pressure_controller_state_id
                    0x1               main.o
alarm_monitor_state_id
                    0x1               alarm_monitor.o

Memory Configuration

Name             Origin             Length             Attributes
flash            0x08000000         0x00020000         xr
sram             0x20000000         0x00005000         xrw
*default*        0x00000000         0xffffffff

Linker script and memory map


.text           0x08000000      0x42c
 *(.vectors*)
 .vectors       0x08000000       0x1c startup.o
                0x08000000                vectors
 *(.text*)
 .text          0x0800001c       0xac alarm_monitor.o
                0x0800001c                ST_alarm_ON
                0x08000048                ST_alarm_OFF
                0x0800009c                setAlarm
                0x080000bc                alarm_monitor_init
 .text          0x080000c8      0x10c driver.o
                0x080000c8                Delay
                0x080000ec                getPressureVal
                0x08000104                Set_Alarm_actuator
                0x08000154                GPIO_INITIALIZATION
 .text          0x080001d4       0xb0 main.o
                0x080001d4                setup
                0x08000214                main
 .text          0x08000284       0x60 pressure_controller.o
                0x08000284                ST_pressure_detection
 .text          0x080002e4       0x8c pressure_sensor.o
                0x080002e4                ST_pSensor_reading
                0x0800032c                setPressureVal
                0x0800034c                return_pVal
                0x08000364                pressure_sensor_init
 .text          0x08000370       0xbc startup.o
                0x08000370                Reset_Handler
                0x08000420                MM_fault_Handler
                0x08000420                Bus_Fault
                0x08000420                Default_Handler
                0x08000420                H_fault_Handler
                0x08000420                Usage_Fault_Handler
                0x08000420                NMI_Handler
 *(.rodata)
                0x0800042c                _E_text = .

.glue_7         0x0800042c        0x0
 .glue_7        0x00000000        0x0 linker stubs

.glue_7t        0x0800042c        0x0
 .glue_7t       0x00000000        0x0 linker stubs

.vfp11_veneer   0x0800042c        0x0
 .vfp11_veneer  0x00000000        0x0 linker stubs

.v4_bx          0x0800042c        0x0
 .v4_bx         0x00000000        0x0 linker stubs

.iplt           0x0800042c        0x0
 .iplt          0x00000000        0x0 alarm_monitor.o

.rel.dyn        0x0800042c        0x0
 .rel.iplt      0x00000000        0x0 alarm_monitor.o

.data           0x20000000        0x4 load address 0x0800042c
                0x20000000                _S_data = .
 *(.data)
 .data          0x20000000        0x0 alarm_monitor.o
 .data          0x20000000        0x0 driver.o
 .data          0x20000000        0x0 main.o
 .data          0x20000000        0x4 pressure_controller.o
                0x20000000                threshold
 .data          0x20000004        0x0 pressure_sensor.o
 .data          0x20000004        0x0 startup.o
                0x20000004                _E_data = .

.igot.plt       0x20000004        0x0 load address 0x08000430
 .igot.plt      0x00000000        0x0 alarm_monitor.o

.bss            0x20000004      0x408 load address 0x08000430
                0x20000004                _S_bss = .
 *(.bss*)
 .bss           0x20000004        0x4 alarm_monitor.o
                0x20000004                alarm_state
 .bss           0x20000008        0x0 driver.o
 .bss           0x20000008        0x0 main.o
 .bss           0x20000008        0x4 pressure_controller.o
                0x20000008                pc_pVal
 .bss           0x2000000c        0x8 pressure_sensor.o
                0x2000000c                pVal
                0x20000010                sensor_timer
 .bss           0x20000014        0x0 startup.o
                0x20000014                _E_bss = .
                0x200003fc                . = (. + 0x3e8)
 *fill*         0x20000014      0x3e8 
                0x200003fc                _stack_top = .
 COMMON         0x200003fc        0x5 alarm_monitor.o
                0x200003fc                alarm_monitor_state
                0x20000400                alarm_monitor_state_id
 COMMON         0x20000401        0x2 main.o
                0x20000401                pSensor_state_id
                0x20000402                pressure_controller_state_id
 *fill*         0x20000403        0x1 
 COMMON         0x20000404        0x4 pressure_controller.o
                0x20000404                pController_state
 COMMON         0x20000408        0x4 pressure_sensor.o
                0x20000408                pSensor_state
LOAD alarm_monitor.o
LOAD driver.o
LOAD main.o
LOAD pressure_controller.o
LOAD pressure_sensor.o
LOAD startup.o
OUTPUT(project1.elf elf32-littlearm)

.debug_info     0x00000000      0x727
 .debug_info    0x00000000      0x13a alarm_monitor.o
 .debug_info    0x0000013a      0x103 driver.o
 .debug_info    0x0000023d      0x145 main.o
 .debug_info    0x00000382       0xf3 pressure_controller.o
 .debug_info    0x00000475      0x14a pressure_sensor.o
 .debug_info    0x000005bf      0x168 startup.o

.debug_abbrev   0x00000000      0x3f8
 .debug_abbrev  0x00000000       0xbb alarm_monitor.o
 .debug_abbrev  0x000000bb       0x9d driver.o
 .debug_abbrev  0x00000158       0xa5 main.o
 .debug_abbrev  0x000001fd       0x7c pressure_controller.o
 .debug_abbrev  0x00000279       0xbd pressure_sensor.o
 .debug_abbrev  0x00000336       0xc2 startup.o

.debug_loc      0x00000000      0x328
 .debug_loc     0x00000000       0xbc alarm_monitor.o
 .debug_loc     0x000000bc       0xc8 driver.o
 .debug_loc     0x00000184       0x58 main.o
 .debug_loc     0x000001dc       0x2c pressure_controller.o
 .debug_loc     0x00000208       0xbc pressure_sensor.o
 .debug_loc     0x000002c4       0x64 startup.o

.debug_aranges  0x00000000       0xc0
 .debug_aranges
                0x00000000       0x20 alarm_monitor.o
 .debug_aranges
                0x00000020       0x20 driver.o
 .debug_aranges
                0x00000040       0x20 main.o
 .debug_aranges
                0x00000060       0x20 pressure_controller.o
 .debug_aranges
                0x00000080       0x20 pressure_sensor.o
 .debug_aranges
                0x000000a0       0x20 startup.o

.debug_line     0x00000000      0x303
 .debug_line    0x00000000       0x61 alarm_monitor.o
 .debug_line    0x00000061       0x99 driver.o
 .debug_line    0x000000fa       0x8b main.o
 .debug_line    0x00000185       0x6f pressure_controller.o
 .debug_line    0x000001f4       0x63 pressure_sensor.o
 .debug_line    0x00000257       0xac startup.o

.debug_str      0x00000000      0x316
 .debug_str     0x00000000      0x133 alarm_monitor.o
                                0x172 (size before relaxing)
 .debug_str     0x00000133       0x55 driver.o
                                0x132 (size before relaxing)
 .debug_str     0x00000188       0x60 main.o
                                0x19e (size before relaxing)
 .debug_str     0x000001e8       0x3e pressure_controller.o
                                0x15d (size before relaxing)
 .debug_str     0x00000226       0x6f pressure_sensor.o
                                0x180 (size before relaxing)
 .debug_str     0x00000295       0x81 startup.o
                                0x162 (size before relaxing)

.comment        0x00000000       0x11
 .comment       0x00000000       0x11 alarm_monitor.o
                                 0x12 (size before relaxing)
 .comment       0x00000000       0x12 driver.o
 .comment       0x00000000       0x12 main.o
 .comment       0x00000000       0x12 pressure_controller.o
 .comment       0x00000000       0x12 pressure_sensor.o
 .comment       0x00000000       0x12 startup.o

.ARM.attributes
                0x00000000       0x33
 .ARM.attributes
                0x00000000       0x33 alarm_monitor.o
 .ARM.attributes
                0x00000033       0x33 driver.o
 .ARM.attributes
                0x00000066       0x33 main.o
 .ARM.attributes
                0x00000099       0x33 pressure_controller.o
 .ARM.attributes
                0x000000cc       0x33 pressure_sensor.o
 .ARM.attributes
                0x000000ff       0x33 startup.o

.debug_frame    0x00000000      0x220
 .debug_frame   0x00000000       0x78 alarm_monitor.o
 .debug_frame   0x00000078       0x78 driver.o
 .debug_frame   0x000000f0       0x44 main.o
 .debug_frame   0x00000134       0x2c pressure_controller.o
 .debug_frame   0x00000160       0x74 pressure_sensor.o
 .debug_frame   0x000001d4       0x4c startup.o
