STM32F103C6_EXTI.c:19:6:Enable_NVIC	16	static
STM32F103C6_EXTI.c:54:6:Disable_NVIC	16	static
STM32F103C6_EXTI.c:89:6:Update_EXTI	24	static
STM32F103C6_EXTI.c:141:6:MCAL_EXTI_Init	16	static
STM32F103C6_EXTI.c:155:6:MCAL_EXTI_DeInit	4	static
STM32F103C6_EXTI.c:185:6:MCAL_EXTI_Update	16	static
STM32F103C6_EXTI.c:190:6:EXTI0_IRQHandler	8	static
STM32F103C6_EXTI.c:195:6:EXTI1_IRQHandler	8	static
STM32F103C6_EXTI.c:200:6:EXTI2_IRQHandler	8	static
STM32F103C6_EXTI.c:205:6:EXTI3_IRQHandler	8	static
STM32F103C6_EXTI.c:210:6:EXTI4_IRQHandler	8	static
STM32F103C6_EXTI.c:215:6:EXTI9_5_IRQHandler	8	static
STM32F103C6_EXTI.c:223:6:EXTI15_10_IRQHandler	8	static
